apps/remix/app/components/general/envelope-editor/envelope-editor-settings-dialog.tsx(125,15): error TS2339: Property 'kbaMode' does not exist on type '{ globalAccessAuth: ("ACCOUNT" | "TWO_FACTOR_AUTH" | "KBA" | "-1")[]; globalActionAuth: ("ACCOUNT" | "PASSKEY" | "TWO_FACTOR_AUTH" | "PASSWORD")[]; meta: { message: string; subject: string; ... 8 more ...; emailReplyTo?: string | undefined; }; visibility?: "EVERYONE" | ... 2 more ... | undefined; externalId?: string...'.
apps/remix/app/components/general/envelope-editor/envelope-editor-settings-dialog.tsx(126,18): error TS2339: Property 'kbaQuestion' does not exist on type '{ globalAccessAuth: ("ACCOUNT" | "TWO_FACTOR_AUTH" | "KBA" | "-1")[]; globalActionAuth: ("ACCOUNT" | "PASSKEY" | "TWO_FACTOR_AUTH" | "PASSWORD")[]; meta: { message: string; subject: string; ... 8 more ...; emailReplyTo?: string | undefined; }; visibility?: "EVERYONE" | ... 2 more ... | undefined; externalId?: string...'.
apps/remix/app/components/general/envelope-editor/envelope-editor-settings-dialog.tsx(134,18): error TS2339: Property 'kbaAnswer' does not exist on type '{ globalAccessAuth: ("ACCOUNT" | "TWO_FACTOR_AUTH" | "KBA" | "-1")[]; globalActionAuth: ("ACCOUNT" | "PASSKEY" | "TWO_FACTOR_AUTH" | "PASSWORD")[]; meta: { message: string; subject: string; ... 8 more ...; emailReplyTo?: string | undefined; }; visibility?: "EVERYONE" | ... 2 more ... | undefined; externalId?: string...'.
apps/remix/app/components/general/envelope-editor/envelope-editor-settings-dialog.tsx(143,15): error TS2339: Property 'kbaMode' does not exist on type '{ globalAccessAuth: ("ACCOUNT" | "TWO_FACTOR_AUTH" | "KBA" | "-1")[]; globalActionAuth: ("ACCOUNT" | "PASSKEY" | "TWO_FACTOR_AUTH" | "PASSWORD")[]; meta: { message: string; subject: string; ... 8 more ...; emailReplyTo?: string | undefined; }; visibility?: "EVERYONE" | ... 2 more ... | undefined; externalId?: string...'.
apps/remix/app/components/general/envelope-editor/envelope-editor-settings-dialog.tsx(144,17): error TS2339: Property 'kbaApplySameToAllRecipients' does not exist on type '{ globalAccessAuth: ("ACCOUNT" | "TWO_FACTOR_AUTH" | "KBA" | "-1")[]; globalActionAuth: ("ACCOUNT" | "PASSKEY" | "TWO_FACTOR_AUTH" | "PASSWORD")[]; meta: { message: string; subject: string; ... 8 more ...; emailReplyTo?: string | undefined; }; visibility?: "EVERYONE" | ... 2 more ... | undefined; externalId?: string...'.
apps/remix/app/components/general/envelope-editor/envelope-editor-settings-dialog.tsx(145,20): error TS2339: Property 'kbaQuestion' does not exist on type '{ globalAccessAuth: ("ACCOUNT" | "TWO_FACTOR_AUTH" | "KBA" | "-1")[]; globalActionAuth: ("ACCOUNT" | "PASSKEY" | "TWO_FACTOR_AUTH" | "PASSWORD")[]; meta: { message: string; subject: string; ... 8 more ...; emailReplyTo?: string | undefined; }; visibility?: "EVERYONE" | ... 2 more ... | undefined; externalId?: string...'.
apps/remix/app/components/general/envelope-editor/envelope-editor-settings-dialog.tsx(153,20): error TS2339: Property 'kbaAnswer' does not exist on type '{ globalAccessAuth: ("ACCOUNT" | "TWO_FACTOR_AUTH" | "KBA" | "-1")[]; globalActionAuth: ("ACCOUNT" | "PASSKEY" | "TWO_FACTOR_AUTH" | "PASSWORD")[]; meta: { message: string; subject: string; ... 8 more ...; emailReplyTo?: string | undefined; }; visibility?: "EVERYONE" | ... 2 more ... | undefined; externalId?: string...'.
apps/remix/app/components/general/envelope-editor/envelope-editor-settings-dialog.tsx(161,15): error TS2339: Property 'kbaRecipientChallenges' does not exist on type '{ globalAccessAuth: ("ACCOUNT" | "TWO_FACTOR_AUTH" | "KBA" | "-1")[]; globalActionAuth: ("ACCOUNT" | "PASSKEY" | "TWO_FACTOR_AUTH" | "PASSWORD")[]; meta: { message: string; subject: string; ... 8 more ...; emailReplyTo?: string | undefined; }; visibility?: "EVERYONE" | ... 2 more ... | undefined; externalId?: string...'.
apps/remix/app/components/general/envelope-editor/envelope-editor-settings-dialog.tsx(161,47): error TS7006: Parameter 'challenge' implicitly has an 'any' type.
apps/remix/app/components/general/envelope-editor/envelope-editor-settings-dialog.tsx(161,58): error TS7006: Parameter 'index' implicitly has an 'any' type.
apps/remix/app/components/general/envelope-editor/envelope-editor-settings-dialog.tsx(181,15): error TS2339: Property 'kbaAnswerType' does not exist on type '{ globalAccessAuth: ("ACCOUNT" | "TWO_FACTOR_AUTH" | "KBA" | "-1")[]; globalActionAuth: ("ACCOUNT" | "PASSKEY" | "TWO_FACTOR_AUTH" | "PASSWORD")[]; meta: { message: string; subject: string; ... 8 more ...; emailReplyTo?: string | undefined; }; visibility?: "EVERYONE" | ... 2 more ... | undefined; externalId?: string...'.
apps/remix/app/components/general/envelope-editor/envelope-editor-settings-dialog.tsx(198,17): error TS2339: Property 'kbaMode' does not exist on type '{ globalAccessAuth: ("ACCOUNT" | "TWO_FACTOR_AUTH" | "KBA" | "-1")[]; globalActionAuth: ("ACCOUNT" | "PASSKEY" | "TWO_FACTOR_AUTH" | "PASSWORD")[]; meta: { message: string; subject: string; ... 8 more ...; emailReplyTo?: string | undefined; }; visibility?: "EVERYONE" | ... 2 more ... | undefined; externalId?: string...'.
apps/remix/app/components/general/envelope-editor/envelope-editor-settings-dialog.tsx(199,37): error TS2339: Property 'kbaAnswer' does not exist on type '{ globalAccessAuth: ("ACCOUNT" | "TWO_FACTOR_AUTH" | "KBA" | "-1")[]; globalActionAuth: ("ACCOUNT" | "PASSKEY" | "TWO_FACTOR_AUTH" | "PASSWORD")[]; meta: { message: string; subject: string; ... 8 more ...; emailReplyTo?: string | undefined; }; visibility?: "EVERYONE" | ... 2 more ... | undefined; externalId?: string...'.
apps/remix/app/components/general/envelope-editor/envelope-editor-settings-dialog.tsx(202,17): error TS2339: Property 'kbaMode' does not exist on type '{ globalAccessAuth: ("ACCOUNT" | "TWO_FACTOR_AUTH" | "KBA" | "-1")[]; globalActionAuth: ("ACCOUNT" | "PASSKEY" | "TWO_FACTOR_AUTH" | "PASSWORD")[]; meta: { message: string; subject: string; ... 8 more ...; emailReplyTo?: string | undefined; }; visibility?: "EVERYONE" | ... 2 more ... | undefined; externalId?: string...'.
apps/remix/app/components/general/envelope-editor/envelope-editor-settings-dialog.tsx(203,19): error TS2339: Property 'kbaApplySameToAllRecipients' does not exist on type '{ globalAccessAuth: ("ACCOUNT" | "TWO_FACTOR_AUTH" | "KBA" | "-1")[]; globalActionAuth: ("ACCOUNT" | "PASSKEY" | "TWO_FACTOR_AUTH" | "PASSWORD")[]; meta: { message: string; subject: string; ... 8 more ...; emailReplyTo?: string | undefined; }; visibility?: "EVERYONE" | ... 2 more ... | undefined; externalId?: string...'.
apps/remix/app/components/general/envelope-editor/envelope-editor-settings-dialog.tsx(204,39): error TS2339: Property 'kbaAnswer' does not exist on type '{ globalAccessAuth: ("ACCOUNT" | "TWO_FACTOR_AUTH" | "KBA" | "-1")[]; globalActionAuth: ("ACCOUNT" | "PASSKEY" | "TWO_FACTOR_AUTH" | "PASSWORD")[]; meta: { message: string; subject: string; ... 8 more ...; emailReplyTo?: string | undefined; }; visibility?: "EVERYONE" | ... 2 more ... | undefined; externalId?: string...'.
apps/remix/app/components/general/envelope-editor/envelope-editor-settings-dialog.tsx(206,17): error TS2339: Property 'kbaRecipientChallenges' does not exist on type '{ globalAccessAuth: ("ACCOUNT" | "TWO_FACTOR_AUTH" | "KBA" | "-1")[]; globalActionAuth: ("ACCOUNT" | "PASSKEY" | "TWO_FACTOR_AUTH" | "PASSWORD")[]; meta: { message: string; subject: string; ... 8 more ...; emailReplyTo?: string | undefined; }; visibility?: "EVERYONE" | ... 2 more ... | undefined; externalId?: string...'.
apps/remix/app/components/general/envelope-editor/envelope-editor-settings-dialog.tsx(206,49): error TS7006: Parameter 'challenge' implicitly has an 'any' type.
apps/remix/app/components/general/envelope-editor/envelope-editor-settings-dialog.tsx(206,60): error TS7006: Parameter 'index' implicitly has an 'any' type.
apps/remix/app/components/general/envelope-editor/envelope-editor-settings-dialog.tsx(213,15): error TS2339: Property 'kbaAnswerType' does not exist on type '{ globalAccessAuth: ("ACCOUNT" | "TWO_FACTOR_AUTH" | "KBA" | "-1")[]; globalActionAuth: ("ACCOUNT" | "PASSKEY" | "TWO_FACTOR_AUTH" | "PASSWORD")[]; meta: { message: string; subject: string; ... 8 more ...; emailReplyTo?: string | undefined; }; visibility?: "EVERYONE" | ... 2 more ... | undefined; externalId?: string...'.
apps/remix/app/components/general/envelope-editor/envelope-editor-settings-dialog.tsx(214,29): error TS2552: Cannot find name 'parseMcqOptions'. Did you mean 'parsedOptions'?
apps/remix/app/components/general/envelope-editor/envelope-editor-settings-dialog.tsx(214,51): error TS2339: Property 'kbaMcqOptions' does not exist on type '{ globalAccessAuth: ("ACCOUNT" | "TWO_FACTOR_AUTH" | "KBA" | "-1")[]; globalActionAuth: ("ACCOUNT" | "PASSKEY" | "TWO_FACTOR_AUTH" | "PASSWORD")[]; meta: { message: string; subject: string; ... 8 more ...; emailReplyTo?: string | undefined; }; visibility?: "EVERYONE" | ... 2 more ... | undefined; externalId?: string...'.
apps/remix/app/components/general/envelope-editor/envelope-editor-settings-dialog.tsx(224,17): error TS2339: Property 'kbaMode' does not exist on type '{ globalAccessAuth: ("ACCOUNT" | "TWO_FACTOR_AUTH" | "KBA" | "-1")[]; globalActionAuth: ("ACCOUNT" | "PASSKEY" | "TWO_FACTOR_AUTH" | "PASSWORD")[]; meta: { message: string; subject: string; ... 8 more ...; emailReplyTo?: string | undefined; }; visibility?: "EVERYONE" | ... 2 more ... | undefined; externalId?: string...'.
apps/remix/app/components/general/envelope-editor/envelope-editor-settings-dialog.tsx(224,55): error TS2339: Property 'kbaApplySameToAllRecipients' does not exist on type '{ globalAccessAuth: ("ACCOUNT" | "TWO_FACTOR_AUTH" | "KBA" | "-1")[]; globalActionAuth: ("ACCOUNT" | "PASSKEY" | "TWO_FACTOR_AUTH" | "PASSWORD")[]; meta: { message: string; subject: string; ... 8 more ...; emailReplyTo?: string | undefined; }; visibility?: "EVERYONE" | ... 2 more ... | undefined; externalId?: string...'.
apps/remix/app/components/general/envelope-editor/envelope-editor-settings-dialog.tsx(225,15): error TS2339: Property 'kbaRecipientChallenges' does not exist on type '{ globalAccessAuth: ("ACCOUNT" | "TWO_FACTOR_AUTH" | "KBA" | "-1")[]; globalActionAuth: ("ACCOUNT" | "PASSKEY" | "TWO_FACTOR_AUTH" | "PASSWORD")[]; meta: { message: string; subject: string; ... 8 more ...; emailReplyTo?: string | undefined; }; visibility?: "EVERYONE" | ... 2 more ... | undefined; externalId?: string...'.
apps/remix/app/components/general/envelope-editor/envelope-editor-settings-dialog.tsx(225,47): error TS7006: Parameter 'challenge' implicitly has an 'any' type.
apps/remix/app/components/general/envelope-editor/envelope-editor-settings-dialog.tsx(225,58): error TS7006: Parameter 'index' implicitly has an 'any' type.
apps/remix/app/components/general/envelope-editor/envelope-editor-settings-dialog.tsx(227,57): error TS7006: Parameter 'option' implicitly has an 'any' type.
apps/remix/app/components/general/envelope-editor/envelope-editor-settings-dialog.tsx(238,40): error TS2339: Property 'kbaAnswer' does not exist on type '{ globalAccessAuth: ("ACCOUNT" | "TWO_FACTOR_AUTH" | "KBA" | "-1")[]; globalActionAuth: ("ACCOUNT" | "PASSKEY" | "TWO_FACTOR_AUTH" | "PASSWORD")[]; meta: { message: string; subject: string; ... 8 more ...; emailReplyTo?: string | undefined; }; visibility?: "EVERYONE" | ... 2 more ... | undefined; externalId?: string...'.
apps/remix/app/components/general/envelope-editor/envelope-editor-settings-dialog.tsx(239,55): error TS7006: Parameter 'option' implicitly has an 'any' type.
apps/remix/app/components/general/envelope-editor/envelope-editor-settings-dialog.tsx(367,44): error TS2339: Property 'includeQrCodeInCertificate' does not exist on type '{ status: "DRAFT" | "PENDING" | "COMPLETED" | "REJECTED"; type: "DOCUMENT" | "TEMPLATE"; id: string; documentMeta: { message: string | null; id: string; subject: string | null; timezone: string | null; ... 13 more ...; reminderSettings: { ...; } | null; }; ... 21 more ...; attachments: { ...; }[]; }'.
apps/remix/app/components/general/envelope-editor/envelope-editor-settings-dialog.tsx(439,30): error TS2769: No overload matches this call.
  Overload 1 of 4, '(names: readonly ("visibility" | "globalAccessAuth" | "globalActionAuth" | "externalId" | "meta" | "meta.distributionMethod" | "meta.message" | "meta.subject" | "meta.emailReplyTo" | "meta.emailId" | ... 17 more ... | `globalActionAuth.${number}`)[], defaultValue?: { ...; } | undefined): readonly (string | ... 7 more ... | undefined)[]', gave the following error.
    Argument of type 'string' is not assignable to parameter of type 'readonly ("visibility" | "globalAccessAuth" | "globalActionAuth" | "externalId" | "meta" | "meta.distributionMethod" | "meta.message" | "meta.subject" | "meta.emailReplyTo" | "meta.emailId" | ... 17 more ... | `globalActionAuth.${number}`)[]'.
  Overload 2 of 4, '(name: "visibility" | "globalAccessAuth" | "globalActionAuth" | "externalId" | "meta" | "meta.distributionMethod" | "meta.message" | "meta.subject" | "meta.emailReplyTo" | "meta.emailId" | ... 17 more ... | `globalActionAuth.${number}`, defaultValue?: string | ... 7 more ... | undefined): string | ... 7 more ... | undefined', gave the following error.
    Argument of type '"kbaMode"' is not assignable to parameter of type '"visibility" | "globalAccessAuth" | "globalActionAuth" | "externalId" | "meta" | "meta.distributionMethod" | "meta.message" | "meta.subject" | "meta.emailReplyTo" | "meta.emailId" | ... 17 more ... | `globalActionAuth.${number}`'.
  Overload 3 of 4, '(callback: WatchObserver<{ globalAccessAuth: ("ACCOUNT" | "TWO_FACTOR_AUTH" | "KBA" | "-1")[]; globalActionAuth: ("ACCOUNT" | "PASSKEY" | "TWO_FACTOR_AUTH" | "PASSWORD")[]; meta: { message: string; subject: string; ... 8 more ...; emailReplyTo?: string | undefined; }; visibility?: "EVERYONE" | ... 2 more ... | undefined; externalId?: string | undefined; }>, defaultValues?: { ...; } | undefined): Subscription', gave the following error.
    Argument of type 'string' is not assignable to parameter of type 'WatchObserver<{ globalAccessAuth: ("ACCOUNT" | "TWO_FACTOR_AUTH" | "KBA" | "-1")[]; globalActionAuth: ("ACCOUNT" | "PASSKEY" | "TWO_FACTOR_AUTH" | "PASSWORD")[]; meta: { message: string; subject: string; ... 8 more ...; emailReplyTo?: string | undefined; }; visibility?: "EVERYONE" | ... 2 more ... | undefined; exter...'.
apps/remix/app/components/general/envelope-editor/envelope-editor-settings-dialog.tsx(440,36): error TS2769: No overload matches this call.
  Overload 1 of 4, '(names: readonly ("visibility" | "globalAccessAuth" | "globalActionAuth" | "externalId" | "meta" | "meta.distributionMethod" | "meta.message" | "meta.subject" | "meta.emailReplyTo" | "meta.emailId" | ... 17 more ... | `globalActionAuth.${number}`)[], defaultValue?: { ...; } | undefined): readonly (string | ... 7 more ... | undefined)[]', gave the following error.
    Argument of type 'string' is not assignable to parameter of type 'readonly ("visibility" | "globalAccessAuth" | "globalActionAuth" | "externalId" | "meta" | "meta.distributionMethod" | "meta.message" | "meta.subject" | "meta.emailReplyTo" | "meta.emailId" | ... 17 more ... | `globalActionAuth.${number}`)[]'.
  Overload 2 of 4, '(name: "visibility" | "globalAccessAuth" | "globalActionAuth" | "externalId" | "meta" | "meta.distributionMethod" | "meta.message" | "meta.subject" | "meta.emailReplyTo" | "meta.emailId" | ... 17 more ... | `globalActionAuth.${number}`, defaultValue?: string | ... 7 more ... | undefined): string | ... 7 more ... | undefined', gave the following error.
    Argument of type '"kbaAnswerType"' is not assignable to parameter of type '"visibility" | "globalAccessAuth" | "globalActionAuth" | "externalId" | "meta" | "meta.distributionMethod" | "meta.message" | "meta.subject" | "meta.emailReplyTo" | "meta.emailId" | ... 17 more ... | `globalActionAuth.${number}`'.
  Overload 3 of 4, '(callback: WatchObserver<{ globalAccessAuth: ("ACCOUNT" | "TWO_FACTOR_AUTH" | "KBA" | "-1")[]; globalActionAuth: ("ACCOUNT" | "PASSKEY" | "TWO_FACTOR_AUTH" | "PASSWORD")[]; meta: { message: string; subject: string; ... 8 more ...; emailReplyTo?: string | undefined; }; visibility?: "EVERYONE" | ... 2 more ... | undefined; externalId?: string | undefined; }>, defaultValues?: { ...; } | undefined): Subscription', gave the following error.
    Argument of type 'string' is not assignable to parameter of type 'WatchObserver<{ globalAccessAuth: ("ACCOUNT" | "TWO_FACTOR_AUTH" | "KBA" | "-1")[]; globalActionAuth: ("ACCOUNT" | "PASSKEY" | "TWO_FACTOR_AUTH" | "PASSWORD")[]; meta: { message: string; subject: string; ... 8 more ...; emailReplyTo?: string | undefined; }; visibility?: "EVERYONE" | ... 2 more ... | undefined; exter...'.
apps/remix/app/components/general/envelope-editor/envelope-editor-settings-dialog.tsx(441,50): error TS2769: No overload matches this call.
  Overload 1 of 4, '(names: readonly ("visibility" | "globalAccessAuth" | "globalActionAuth" | "externalId" | "meta" | "meta.distributionMethod" | "meta.message" | "meta.subject" | "meta.emailReplyTo" | "meta.emailId" | ... 17 more ... | `globalActionAuth.${number}`)[], defaultValue?: { ...; } | undefined): readonly (string | ... 7 more ... | undefined)[]', gave the following error.
    Argument of type 'string' is not assignable to parameter of type 'readonly ("visibility" | "globalAccessAuth" | "globalActionAuth" | "externalId" | "meta" | "meta.distributionMethod" | "meta.message" | "meta.subject" | "meta.emailReplyTo" | "meta.emailId" | ... 17 more ... | `globalActionAuth.${number}`)[]'.
  Overload 2 of 4, '(name: "visibility" | "globalAccessAuth" | "globalActionAuth" | "externalId" | "meta" | "meta.distributionMethod" | "meta.message" | "meta.subject" | "meta.emailReplyTo" | "meta.emailId" | ... 17 more ... | `globalActionAuth.${number}`, defaultValue?: string | ... 7 more ... | undefined): string | ... 7 more ... | undefined', gave the following error.
    Argument of type '"kbaApplySameToAllRecipients"' is not assignable to parameter of type '"visibility" | "globalAccessAuth" | "globalActionAuth" | "externalId" | "meta" | "meta.distributionMethod" | "meta.message" | "meta.subject" | "meta.emailReplyTo" | "meta.emailId" | ... 17 more ... | `globalActionAuth.${number}`'.
  Overload 3 of 4, '(callback: WatchObserver<{ globalAccessAuth: ("ACCOUNT" | "TWO_FACTOR_AUTH" | "KBA" | "-1")[]; globalActionAuth: ("ACCOUNT" | "PASSKEY" | "TWO_FACTOR_AUTH" | "PASSWORD")[]; meta: { message: string; subject: string; ... 8 more ...; emailReplyTo?: string | undefined; }; visibility?: "EVERYONE" | ... 2 more ... | undefined; externalId?: string | undefined; }>, defaultValues?: { ...; } | undefined): Subscription', gave the following error.
    Argument of type 'string' is not assignable to parameter of type 'WatchObserver<{ globalAccessAuth: ("ACCOUNT" | "TWO_FACTOR_AUTH" | "KBA" | "-1")[]; globalActionAuth: ("ACCOUNT" | "PASSKEY" | "TWO_FACTOR_AUTH" | "PASSWORD")[]; meta: { message: string; subject: string; ... 8 more ...; emailReplyTo?: string | undefined; }; visibility?: "EVERYONE" | ... 2 more ... | undefined; exter...'.
apps/remix/app/components/general/envelope-editor/envelope-editor-settings-dialog.tsx(457,7): error TS2339: Property 'envelopeExpirationPeriod' does not exist on type '{ message: string; subject: string; timezone: string; dateFormat: "yyyy-MM-dd hh:mm a" | "yyyy-MM-dd" | "dd/MM/yyyy" | "dd-MM-yyyy" | "MM/dd/yyyy" | "yy-MM-dd" | "MMMM dd, yyyy" | ... 17 more ... | "yyyy-MM-dd'T'HH:mm:ss.SSSXXX"; ... 6 more ...; emailReplyTo?: string | undefined; }'.
apps/remix/app/components/general/envelope-editor/envelope-editor-settings-dialog.tsx(458,7): error TS2339: Property 'reminderSettings' does not exist on type '{ message: string; subject: string; timezone: string; dateFormat: "yyyy-MM-dd hh:mm a" | "yyyy-MM-dd" | "dd/MM/yyyy" | "dd-MM-yyyy" | "MM/dd/yyyy" | "yy-MM-dd" | "MMMM dd, yyyy" | ... 17 more ... | "yyyy-MM-dd'T'HH:mm:ss.SSSXXX"; ... 6 more ...; emailReplyTo?: string | undefined; }'.
apps/remix/app/components/general/envelope-editor/envelope-editor-settings-dialog.tsx(472,72): error TS2339: Property 'templateType' does not exist on type '{ globalAccessAuth: ("ACCOUNT" | "TWO_FACTOR_AUTH" | "KBA" | "-1")[]; globalActionAuth: ("ACCOUNT" | "PASSKEY" | "TWO_FACTOR_AUTH" | "PASSWORD")[]; meta: { message: string; subject: string; ... 8 more ...; emailReplyTo?: string | undefined; }; visibility?: "EVERYONE" | ... 2 more ... | undefined; externalId?: string...'.
apps/remix/app/components/general/envelope-editor/envelope-editor-settings-dialog.tsx(475,44): error TS2339: Property 'includeQrCodeInCertificate' does not exist on type '{ globalAccessAuth: ("ACCOUNT" | "TWO_FACTOR_AUTH" | "KBA" | "-1")[]; globalActionAuth: ("ACCOUNT" | "PASSKEY" | "TWO_FACTOR_AUTH" | "PASSWORD")[]; meta: { message: string; subject: string; ... 8 more ...; emailReplyTo?: string | undefined; }; visibility?: "EVERYONE" | ... 2 more ... | undefined; externalId?: string...'.
apps/remix/app/components/general/envelope-editor/envelope-editor-settings-dialog.tsx(507,33): error TS2552: Cannot find name 'parseMcqOptions'. Did you mean 'parsedOptions'?
apps/remix/app/components/general/envelope-editor/envelope-editor-settings-dialog.tsx(507,54): error TS2339: Property 'kbaMcqOptions' does not exist on type '{ globalAccessAuth: ("ACCOUNT" | "TWO_FACTOR_AUTH" | "KBA" | "-1")[]; globalActionAuth: ("ACCOUNT" | "PASSKEY" | "TWO_FACTOR_AUTH" | "PASSWORD")[]; meta: { message: string; subject: string; ... 8 more ...; emailReplyTo?: string | undefined; }; visibility?: "EVERYONE" | ... 2 more ... | undefined; externalId?: string...'.
apps/remix/app/components/general/envelope-editor/envelope-editor-settings-dialog.tsx(509,14): error TS7006: Parameter 'option' implicitly has an 'any' type.
apps/remix/app/components/general/envelope-editor/envelope-editor-settings-dialog.tsx(509,61): error TS2339: Property 'kbaAnswer' does not exist on type '{ globalAccessAuth: ("ACCOUNT" | "TWO_FACTOR_AUTH" | "KBA" | "-1")[]; globalActionAuth: ("ACCOUNT" | "PASSKEY" | "TWO_FACTOR_AUTH" | "PASSWORD")[]; meta: { message: string; subject: string; ... 8 more ...; emailReplyTo?: string | undefined; }; visibility?: "EVERYONE" | ... 2 more ... | undefined; externalId?: string...'.
apps/remix/app/components/general/envelope-editor/envelope-editor-settings-dialog.tsx(511,44): error TS2339: Property 'kbaRecipientChallenges' does not exist on type '{ globalAccessAuth: ("ACCOUNT" | "TWO_FACTOR_AUTH" | "KBA" | "-1")[]; globalActionAuth: ("ACCOUNT" | "PASSKEY" | "TWO_FACTOR_AUTH" | "PASSWORD")[]; meta: { message: string; subject: string; ... 8 more ...; emailReplyTo?: string | undefined; }; visibility?: "EVERYONE" | ... 2 more ... | undefined; externalId?: string...'.
apps/remix/app/components/general/envelope-editor/envelope-editor-settings-dialog.tsx(511,72): error TS7006: Parameter 'challenge' implicitly has an 'any' type.
apps/remix/app/components/general/envelope-editor/envelope-editor-settings-dialog.tsx(512,44): error TS2339: Property 'kbaApplySameToAllRecipients' does not exist on type '{ globalAccessAuth: ("ACCOUNT" | "TWO_FACTOR_AUTH" | "KBA" | "-1")[]; globalActionAuth: ("ACCOUNT" | "PASSKEY" | "TWO_FACTOR_AUTH" | "PASSWORD")[]; meta: { message: string; subject: string; ... 8 more ...; emailReplyTo?: string | undefined; }; visibility?: "EVERYONE" | ... 2 more ... | undefined; externalId?: string...'.
apps/remix/app/components/general/envelope-editor/envelope-editor-settings-dialog.tsx(513,23): error TS2339: Property 'kbaQuestion' does not exist on type '{ globalAccessAuth: ("ACCOUNT" | "TWO_FACTOR_AUTH" | "KBA" | "-1")[]; globalActionAuth: ("ACCOUNT" | "PASSKEY" | "TWO_FACTOR_AUTH" | "PASSWORD")[]; meta: { message: string; subject: string; ... 8 more ...; emailReplyTo?: string | undefined; }; visibility?: "EVERYONE" | ... 2 more ... | undefined; externalId?: string...'.
apps/remix/app/components/general/envelope-editor/envelope-editor-settings-dialog.tsx(515,42): error TS2339: Property 'kbaApplySameToAllRecipients' does not exist on type '{ globalAccessAuth: ("ACCOUNT" | "TWO_FACTOR_AUTH" | "KBA" | "-1")[]; globalActionAuth: ("ACCOUNT" | "PASSKEY" | "TWO_FACTOR_AUTH" | "PASSWORD")[]; meta: { message: string; subject: string; ... 8 more ...; emailReplyTo?: string | undefined; }; visibility?: "EVERYONE" | ... 2 more ... | undefined; externalId?: string...'.
apps/remix/app/components/general/envelope-editor/envelope-editor-settings-dialog.tsx(516,23): error TS2339: Property 'kbaAnswer' does not exist on type '{ globalAccessAuth: ("ACCOUNT" | "TWO_FACTOR_AUTH" | "KBA" | "-1")[]; globalActionAuth: ("ACCOUNT" | "PASSKEY" | "TWO_FACTOR_AUTH" | "PASSWORD")[]; meta: { message: string; subject: string; ... 8 more ...; emailReplyTo?: string | undefined; }; visibility?: "EVERYONE" | ... 2 more ... | undefined; externalId?: string...'.
apps/remix/app/components/general/envelope-editor/envelope-editor-settings-dialog.tsx(520,16): error TS7006: Parameter 'option' implicitly has an 'any' type.
apps/remix/app/components/general/envelope-editor/envelope-editor-settings-dialog.tsx(525,32): error TS2339: Property 'kbaAnswerType' does not exist on type '{ globalAccessAuth: ("ACCOUNT" | "TWO_FACTOR_AUTH" | "KBA" | "-1")[]; globalActionAuth: ("ACCOUNT" | "PASSKEY" | "TWO_FACTOR_AUTH" | "PASSWORD")[]; meta: { message: string; subject: string; ... 8 more ...; emailReplyTo?: string | undefined; }; visibility?: "EVERYONE" | ... 2 more ... | undefined; externalId?: string...'.
apps/remix/app/components/general/envelope-editor/envelope-editor-settings-dialog.tsx(527,28): error TS2339: Property 'kbaAnswerType' does not exist on type '{ globalAccessAuth: ("ACCOUNT" | "TWO_FACTOR_AUTH" | "KBA" | "-1")[]; globalActionAuth: ("ACCOUNT" | "PASSKEY" | "TWO_FACTOR_AUTH" | "PASSWORD")[]; meta: { message: string; subject: string; ... 8 more ...; emailReplyTo?: string | undefined; }; visibility?: "EVERYONE" | ... 2 more ... | undefined; externalId?: string...'.
apps/remix/app/components/general/envelope-editor/envelope-editor-settings-dialog.tsx(528,32): error TS2339: Property 'kbaAnswerType' does not exist on type '{ globalAccessAuth: ("ACCOUNT" | "TWO_FACTOR_AUTH" | "KBA" | "-1")[]; globalActionAuth: ("ACCOUNT" | "PASSKEY" | "TWO_FACTOR_AUTH" | "PASSWORD")[]; meta: { message: string; subject: string; ... 8 more ...; emailReplyTo?: string | undefined; }; visibility?: "EVERYONE" | ... 2 more ... | undefined; externalId?: string...'.
apps/remix/app/components/general/envelope-editor/envelope-editor-settings-dialog.tsx(535,26): error TS2339: Property 'kbaMode' does not exist on type '{ globalAccessAuth: ("ACCOUNT" | "TWO_FACTOR_AUTH" | "KBA" | "-1")[]; globalActionAuth: ("ACCOUNT" | "PASSKEY" | "TWO_FACTOR_AUTH" | "PASSWORD")[]; meta: { message: string; subject: string; ... 8 more ...; emailReplyTo?: string | undefined; }; visibility?: "EVERYONE" | ... 2 more ... | undefined; externalId?: string...'.
apps/remix/app/components/general/envelope-editor/envelope-editor-settings-dialog.tsx(537,33): error TS2339: Property 'kbaMaxAttempts' does not exist on type '{ globalAccessAuth: ("ACCOUNT" | "TWO_FACTOR_AUTH" | "KBA" | "-1")[]; globalActionAuth: ("ACCOUNT" | "PASSKEY" | "TWO_FACTOR_AUTH" | "PASSWORD")[]; meta: { message: string; subject: string; ... 8 more ...; emailReplyTo?: string | undefined; }; visibility?: "EVERYONE" | ... 2 more ... | undefined; externalId?: string...'.
apps/remix/app/components/general/envelope-editor/envelope-editor-settings-dialog.tsx(538,36): error TS2339: Property 'kbaLockoutMinutes' does not exist on type '{ globalAccessAuth: ("ACCOUNT" | "TWO_FACTOR_AUTH" | "KBA" | "-1")[]; globalActionAuth: ("ACCOUNT" | "PASSKEY" | "TWO_FACTOR_AUTH" | "PASSWORD")[]; meta: { message: string; subject: string; ... 8 more ...; emailReplyTo?: string | undefined; }; visibility?: "EVERYONE" | ... 2 more ... | undefined; externalId?: string...'.
apps/remix/app/components/general/envelope-editor/envelope-editor-settings-dialog.tsx(541,20): error TS2339: Property 'kbaMode' does not exist on type '{ globalAccessAuth: ("ACCOUNT" | "TWO_FACTOR_AUTH" | "KBA" | "-1")[]; globalActionAuth: ("ACCOUNT" | "PASSKEY" | "TWO_FACTOR_AUTH" | "PASSWORD")[]; meta: { message: string; subject: string; ... 8 more ...; emailReplyTo?: string | undefined; }; visibility?: "EVERYONE" | ... 2 more ... | undefined; externalId?: string...'.
apps/remix/app/components/general/envelope-editor/envelope-editor-settings-dialog.tsx(543,38): error TS2339: Property 'kbaAnswerType' does not exist on type '{ globalAccessAuth: ("ACCOUNT" | "TWO_FACTOR_AUTH" | "KBA" | "-1")[]; globalActionAuth: ("ACCOUNT" | "PASSKEY" | "TWO_FACTOR_AUTH" | "PASSWORD")[]; meta: { message: string; subject: string; ... 8 more ...; emailReplyTo?: string | undefined; }; visibility?: "EVERYONE" | ... 2 more ... | undefined; externalId?: string...'.
apps/remix/app/components/general/envelope-editor/envelope-editor-settings-dialog.tsx(544,36): error TS2339: Property 'kbaQuestion' does not exist on type '{ globalAccessAuth: ("ACCOUNT" | "TWO_FACTOR_AUTH" | "KBA" | "-1")[]; globalActionAuth: ("ACCOUNT" | "PASSKEY" | "TWO_FACTOR_AUTH" | "PASSWORD")[]; meta: { message: string; subject: string; ... 8 more ...; emailReplyTo?: string | undefined; }; visibility?: "EVERYONE" | ... 2 more ... | undefined; externalId?: string...'.
apps/remix/app/components/general/envelope-editor/envelope-editor-settings-dialog.tsx(546,28): error TS2339: Property 'kbaAnswerType' does not exist on type '{ globalAccessAuth: ("ACCOUNT" | "TWO_FACTOR_AUTH" | "KBA" | "-1")[]; globalActionAuth: ("ACCOUNT" | "PASSKEY" | "TWO_FACTOR_AUTH" | "PASSWORD")[]; meta: { message: string; subject: string; ... 8 more ...; emailReplyTo?: string | undefined; }; visibility?: "EVERYONE" | ... 2 more ... | undefined; externalId?: string...'.
apps/remix/app/components/general/envelope-editor/envelope-editor-settings-dialog.tsx(546,91): error TS2339: Property 'kbaAnswer' does not exist on type '{ globalAccessAuth: ("ACCOUNT" | "TWO_FACTOR_AUTH" | "KBA" | "-1")[]; globalActionAuth: ("ACCOUNT" | "PASSKEY" | "TWO_FACTOR_AUTH" | "PASSWORD")[]; meta: { message: string; subject: string; ... 8 more ...; emailReplyTo?: string | undefined; }; visibility?: "EVERYONE" | ... 2 more ... | undefined; externalId?: string...'.
apps/remix/app/components/general/envelope-editor/envelope-editor-settings-dialog.tsx(547,38): error TS2339: Property 'kbaAnswerType' does not exist on type '{ globalAccessAuth: ("ACCOUNT" | "TWO_FACTOR_AUTH" | "KBA" | "-1")[]; globalActionAuth: ("ACCOUNT" | "PASSKEY" | "TWO_FACTOR_AUTH" | "PASSWORD")[]; meta: { message: string; subject: string; ... 8 more ...; emailReplyTo?: string | undefined; }; visibility?: "EVERYONE" | ... 2 more ... | undefined; externalId?: string...'.
apps/remix/app/components/general/envelope-editor/envelope-editor-settings-dialog.tsx(550,39): error TS2339: Property 'kbaMode' does not exist on type '{ globalAccessAuth: ("ACCOUNT" | "TWO_FACTOR_AUTH" | "KBA" | "-1")[]; globalActionAuth: ("ACCOUNT" | "PASSKEY" | "TWO_FACTOR_AUTH" | "PASSWORD")[]; meta: { message: string; subject: string; ... 8 more ...; emailReplyTo?: string | undefined; }; visibility?: "EVERYONE" | ... 2 more ... | undefined; externalId?: string...'.
apps/remix/app/components/general/envelope-editor/envelope-editor-settings-dialog.tsx(555,20): error TS2339: Property 'kbaMode' does not exist on type '{ globalAccessAuth: ("ACCOUNT" | "TWO_FACTOR_AUTH" | "KBA" | "-1")[]; globalActionAuth: ("ACCOUNT" | "PASSKEY" | "TWO_FACTOR_AUTH" | "PASSWORD")[]; meta: { message: string; subject: string; ... 8 more ...; emailReplyTo?: string | undefined; }; visibility?: "EVERYONE" | ... 2 more ... | undefined; externalId?: string...'.
apps/remix/app/components/general/envelope-editor/envelope-editor-settings-dialog.tsx(555,55): error TS2339: Property 'kbaApplySameToAllRecipients' does not exist on type '{ globalAccessAuth: ("ACCOUNT" | "TWO_FACTOR_AUTH" | "KBA" | "-1")[]; globalActionAuth: ("ACCOUNT" | "PASSKEY" | "TWO_FACTOR_AUTH" | "PASSWORD")[]; meta: { message: string; subject: string; ... 8 more ...; emailReplyTo?: string | undefined; }; visibility?: "EVERYONE" | ... 2 more ... | undefined; externalId?: string...'.
apps/remix/app/components/general/envelope-editor/envelope-editor-settings-dialog.tsx(556,25): error TS2339: Property 'kbaAnswer' does not exist on type '{ globalAccessAuth: ("ACCOUNT" | "TWO_FACTOR_AUTH" | "KBA" | "-1")[]; globalActionAuth: ("ACCOUNT" | "PASSKEY" | "TWO_FACTOR_AUTH" | "PASSWORD")[]; meta: { message: string; subject: string; ... 8 more ...; emailReplyTo?: string | undefined; }; visibility?: "EVERYONE" | ... 2 more ... | undefined; externalId?: string...'.
apps/remix/app/components/general/envelope-editor/envelope-editor-settings-dialog.tsx(559,20): error TS2339: Property 'kbaMode' does not exist on type '{ globalAccessAuth: ("ACCOUNT" | "TWO_FACTOR_AUTH" | "KBA" | "-1")[]; globalActionAuth: ("ACCOUNT" | "PASSKEY" | "TWO_FACTOR_AUTH" | "PASSWORD")[]; meta: { message: string; subject: string; ... 8 more ...; emailReplyTo?: string | undefined; }; visibility?: "EVERYONE" | ... 2 more ... | undefined; externalId?: string...'.
apps/remix/app/components/general/envelope-editor/envelope-editor-settings-dialog.tsx(559,57): error TS2339: Property 'kbaApplySameToAllRecipients' does not exist on type '{ globalAccessAuth: ("ACCOUNT" | "TWO_FACTOR_AUTH" | "KBA" | "-1")[]; globalActionAuth: ("ACCOUNT" | "PASSKEY" | "TWO_FACTOR_AUTH" | "PASSWORD")[]; meta: { message: string; subject: string; ... 8 more ...; emailReplyTo?: string | undefined; }; visibility?: "EVERYONE" | ... 2 more ... | undefined; externalId?: string...'.
apps/remix/app/components/general/envelope-editor/envelope-editor-settings-dialog.tsx(561,26): error TS2339: Property 'kbaRecipientChallenges' does not exist on type '{ globalAccessAuth: ("ACCOUNT" | "TWO_FACTOR_AUTH" | "KBA" | "-1")[]; globalActionAuth: ("ACCOUNT" | "PASSKEY" | "TWO_FACTOR_AUTH" | "PASSWORD")[]; meta: { message: string; subject: string; ... 8 more ...; emailReplyTo?: string | undefined; }; visibility?: "EVERYONE" | ... 2 more ... | undefined; externalId?: string...'.
apps/remix/app/components/general/envelope-editor/envelope-editor-settings-dialog.tsx(561,54): error TS7006: Parameter 'challenge' implicitly has an 'any' type.
apps/remix/app/components/general/envelope-editor/envelope-editor-settings-dialog.tsx(574,33): error TS2339: Property 'kbaMaxAttempts' does not exist on type '{ globalAccessAuth: ("ACCOUNT" | "TWO_FACTOR_AUTH" | "KBA" | "-1")[]; globalActionAuth: ("ACCOUNT" | "PASSKEY" | "TWO_FACTOR_AUTH" | "PASSWORD")[]; meta: { message: string; subject: string; ... 8 more ...; emailReplyTo?: string | undefined; }; visibility?: "EVERYONE" | ... 2 more ... | undefined; externalId?: string...'.
apps/remix/app/components/general/envelope-editor/envelope-editor-settings-dialog.tsx(575,36): error TS2339: Property 'kbaLockoutMinutes' does not exist on type '{ globalAccessAuth: ("ACCOUNT" | "TWO_FACTOR_AUTH" | "KBA" | "-1")[]; globalActionAuth: ("ACCOUNT" | "PASSKEY" | "TWO_FACTOR_AUTH" | "PASSWORD")[]; meta: { message: string; subject: string; ... 8 more ...; emailReplyTo?: string | undefined; }; visibility?: "EVERYONE" | ... 2 more ... | undefined; externalId?: string...'.
apps/remix/app/components/general/envelope-editor/envelope-editor-settings-dialog.tsx(891,27): error TS2322: Type '"templateType"' is not assignable to type '"visibility" | "globalAccessAuth" | "globalActionAuth" | "externalId" | "meta" | "meta.distributionMethod" | "meta.message" | "meta.subject" | "meta.emailReplyTo" | "meta.emailId" | ... 17 more ... | `globalActionAuth.${number}`'.
apps/remix/app/components/general/envelope-editor/envelope-editor-settings-dialog.tsx(901,35): error TS2322: Type 'string | boolean | { recipientSigningRequest: boolean; recipientRemoved: boolean; recipientSigned: boolean; documentPending: boolean; documentCompleted: boolean; documentDeleted: boolean; ownerDocumentCompleted: boolean; ownerRecipientExpired: boolean; ownerDocumentCreated: boolean; } | ... 5 more ... | undefined' is not assignable to type 'string | undefined'.
  Type 'null' is not assignable to type 'string | undefined'.
apps/remix/app/components/general/envelope-editor/envelope-editor-settings-dialog.tsx(984,27): error TS2322: Type '"meta.envelopeExpirationPeriod"' is not assignable to type '"visibility" | "globalAccessAuth" | "globalActionAuth" | "externalId" | "meta" | "meta.distributionMethod" | "meta.message" | "meta.subject" | "meta.emailReplyTo" | "meta.emailId" | ... 17 more ... | `globalActionAuth.${number}`'.
apps/remix/app/components/general/envelope-editor/envelope-editor-settings-dialog.tsx(1005,35): error TS2322: Type 'string | boolean | { recipientSigningRequest: boolean; recipientRemoved: boolean; recipientSigned: boolean; documentPending: boolean; documentCompleted: boolean; documentDeleted: boolean; ownerDocumentCompleted: boolean; ownerRecipientExpired: boolean; ownerDocumentCreated: boolean; } | ... 5 more ... | undefined' is not assignable to type '{ unit: "day" | "week" | "month" | "year"; amount: number; } | { disabled: true; } | null | undefined'.
  Type 'string' is not assignable to type '{ unit: "day" | "week" | "month" | "year"; amount: number; } | { disabled: true; } | null | undefined'.
apps/remix/app/components/general/envelope-editor/envelope-editor-settings-dialog.tsx(1021,23): error TS2820: Type '"meta.reminderSettings"' is not assignable to type '"visibility" | "globalAccessAuth" | "globalActionAuth" | "externalId" | "meta" | "meta.distributionMethod" | "meta.message" | "meta.subject" | "meta.emailReplyTo" | "meta.emailId" | ... 17 more ... | `globalActionAuth.${number}`'. Did you mean '"meta.emailSettings"'?
apps/remix/app/components/general/envelope-editor/envelope-editor-settings-dialog.tsx(1041,53): error TS2322: Type 'string | boolean | { recipientSigningRequest: boolean; recipientRemoved: boolean; recipientSigned: boolean; documentPending: boolean; documentCompleted: boolean; documentDeleted: boolean; ownerDocumentCompleted: boolean; ownerRecipientExpired: boolean; ownerDocumentCreated: boolean; } | ... 5 more ... | undefined' is not assignable to type '{ sendAfter: { unit: "day" | "week" | "month"; amount: number; } | { disabled: true; }; repeatEvery: { unit: "day" | "week" | "month"; amount: number; } | { disabled: true; }; } | null | undefined'.
  Type 'string' is not assignable to type '{ sendAfter: { unit: "day" | "week" | "month"; amount: number; } | { disabled: true; }; repeatEvery: { unit: "day" | "week" | "month"; amount: number; } | { disabled: true; }; }'.
apps/remix/app/components/general/envelope-editor/envelope-editor-settings-dialog.tsx(1232,29): error TS2322: Type '"kbaMode"' is not assignable to type '"visibility" | "globalAccessAuth" | "globalActionAuth" | "externalId" | "meta" | "meta.distributionMethod" | "meta.message" | "meta.subject" | "meta.emailReplyTo" | "meta.emailId" | ... 17 more ... | `globalActionAuth.${number}`'.
apps/remix/app/components/general/envelope-editor/envelope-editor-settings-dialog.tsx(1240,43): error TS2322: Type 'string | boolean | { recipientSigningRequest: boolean; recipientRemoved: boolean; recipientSigned: boolean; documentPending: boolean; documentCompleted: boolean; documentDeleted: boolean; ownerDocumentCompleted: boolean; ownerRecipientExpired: boolean; ownerDocumentCreated: boolean; } | ... 5 more ... | undefined' is not assignable to type 'string | undefined'.
  Type 'null' is not assignable to type 'string | undefined'.
apps/remix/app/components/general/envelope-editor/envelope-editor-settings-dialog.tsx(1262,29): error TS2322: Type '"kbaAnswerType"' is not assignable to type '"visibility" | "globalAccessAuth" | "globalActionAuth" | "externalId" | "meta" | "meta.distributionMethod" | "meta.message" | "meta.subject" | "meta.emailReplyTo" | "meta.emailId" | ... 17 more ... | `globalActionAuth.${number}`'.
apps/remix/app/components/general/envelope-editor/envelope-editor-settings-dialog.tsx(1270,43): error TS2322: Type 'string | boolean | { recipientSigningRequest: boolean; recipientRemoved: boolean; recipientSigned: boolean; documentPending: boolean; documentCompleted: boolean; documentDeleted: boolean; ownerDocumentCompleted: boolean; ownerRecipientExpired: boolean; ownerDocumentCreated: boolean; } | ... 5 more ... | undefined' is not assignable to type 'string | undefined'.
  Type 'null' is not assignable to type 'string | undefined'.
apps/remix/app/components/general/envelope-editor/envelope-editor-settings-dialog.tsx(1296,31): error TS2322: Type '"kbaMaxAttempts"' is not assignable to type '"visibility" | "globalAccessAuth" | "globalActionAuth" | "externalId" | "meta" | "meta.distributionMethod" | "meta.message" | "meta.subject" | "meta.emailReplyTo" | "meta.emailId" | ... 17 more ... | `globalActionAuth.${number}`'.
apps/remix/app/components/general/envelope-editor/envelope-editor-settings-dialog.tsx(1321,31): error TS2322: Type '"kbaLockoutMinutes"' is not assignable to type '"visibility" | "globalAccessAuth" | "globalActionAuth" | "externalId" | "meta" | "meta.distributionMethod" | "meta.message" | "meta.subject" | "meta.emailReplyTo" | "meta.emailId" | ... 17 more ... | `globalActionAuth.${number}`'.
apps/remix/app/components/general/envelope-editor/envelope-editor-settings-dialog.tsx(1345,28): error TS2367: This comparison appears to be unintentional because the types 'readonly (string | boolean | { recipientSigningRequest: boolean; recipientRemoved: boolean; recipientSigned: boolean; documentPending: boolean; documentCompleted: boolean; documentDeleted: boolean; ownerDocumentCompleted: boolean; ownerRecipientExpired: boolean; ownerDocumentCreated: boolean; } | ... 5 more ... | un...' and 'string' have no overlap.
apps/remix/app/components/general/envelope-editor/envelope-editor-settings-dialog.tsx(1348,31): error TS2322: Type '"kbaMcqOptions"' is not assignable to type '"visibility" | "globalAccessAuth" | "globalActionAuth" | "externalId" | "meta" | "meta.distributionMethod" | "meta.message" | "meta.subject" | "meta.emailReplyTo" | "meta.emailId" | ... 17 more ... | `globalActionAuth.${number}`'.
apps/remix/app/components/general/envelope-editor/envelope-editor-settings-dialog.tsx(1356,38): error TS2322: Type '{ onChange: (...event: any[]) => void; onBlur: Noop; value: string | boolean | { recipientSigningRequest: boolean; recipientRemoved: boolean; recipientSigned: boolean; documentPending: boolean; ... 4 more ...; ownerDocumentCreated: boolean; } | ... 5 more ... | undefined; ... 4 more ...; placeholder: string; }' is not assignable to type 'InputProps'.
  Types of property 'value' are incompatible.
    Type 'string | boolean | { recipientSigningRequest: boolean; recipientRemoved: boolean; recipientSigned: boolean; documentPending: boolean; documentCompleted: boolean; documentDeleted: boolean; ownerDocumentCompleted: boolean; ownerRecipientExpired: boolean; ownerDocumentCreated: boolean; } | ... 5 more ... | undefined' is not assignable to type 'string | number | readonly string[] | undefined'.
      Type 'null' is not assignable to type 'string | number | readonly string[] | undefined'.
apps/remix/app/components/general/envelope-editor/envelope-editor-settings-dialog.tsx(1368,28): error TS2367: This comparison appears to be unintentional because the types 'readonly (string | boolean | { recipientSigningRequest: boolean; recipientRemoved: boolean; recipientSigned: boolean; documentPending: boolean; documentCompleted: boolean; documentDeleted: boolean; ownerDocumentCompleted: boolean; ownerRecipientExpired: boolean; ownerDocumentCreated: boolean; } | ... 5 more ... | un...' and 'string' have no overlap.
apps/remix/app/components/general/envelope-editor/envelope-editor-settings-dialog.tsx(1372,33): error TS2322: Type '"kbaQuestion"' is not assignable to type '"visibility" | "globalAccessAuth" | "globalActionAuth" | "externalId" | "meta" | "meta.distributionMethod" | "meta.message" | "meta.subject" | "meta.emailReplyTo" | "meta.emailId" | ... 17 more ... | `globalActionAuth.${number}`'.
apps/remix/app/components/general/envelope-editor/envelope-editor-settings-dialog.tsx(1380,40): error TS2322: Type '{ onChange: (...event: any[]) => void; onBlur: Noop; value: string | boolean | { recipientSigningRequest: boolean; recipientRemoved: boolean; recipientSigned: boolean; documentPending: boolean; ... 4 more ...; ownerDocumentCreated: boolean; } | ... 5 more ... | undefined; ... 4 more ...; placeholder: string; }' is not assignable to type 'InputProps'.
  Types of property 'value' are incompatible.
    Type 'string | boolean | { recipientSigningRequest: boolean; recipientRemoved: boolean; recipientSigned: boolean; documentPending: boolean; documentCompleted: boolean; documentDeleted: boolean; ownerDocumentCompleted: boolean; ownerRecipientExpired: boolean; ownerDocumentCreated: boolean; } | ... 5 more ... | undefined' is not assignable to type 'string | number | readonly string[] | undefined'.
      Type 'null' is not assignable to type 'string | number | readonly string[] | undefined'.
apps/remix/app/components/general/envelope-editor/envelope-editor-settings-dialog.tsx(1393,33): error TS2322: Type '"kbaAnswer"' is not assignable to type '"visibility" | "globalAccessAuth" | "globalActionAuth" | "externalId" | "meta" | "meta.distributionMethod" | "meta.message" | "meta.subject" | "meta.emailReplyTo" | "meta.emailId" | ... 17 more ... | `globalActionAuth.${number}`'.
apps/remix/app/components/general/envelope-editor/envelope-editor-settings-dialog.tsx(1401,40): error TS2304: Cannot find name 'PasswordInput'.
apps/remix/app/components/general/envelope-editor/envelope-editor-settings-dialog.tsx(1403,52): error TS2367: This comparison appears to be unintentional because the types 'readonly (string | boolean | { recipientSigningRequest: boolean; recipientRemoved: boolean; recipientSigned: boolean; documentPending: boolean; documentCompleted: boolean; documentDeleted: boolean; ownerDocumentCompleted: boolean; ownerRecipientExpired: boolean; ownerDocumentCreated: boolean; } | ... 5 more ... | un...' and 'string' have no overlap.
apps/remix/app/components/general/envelope-editor/envelope-editor-settings-dialog.tsx(1405,43): error TS2367: This comparison appears to be unintentional because the types 'readonly (string | boolean | { recipientSigningRequest: boolean; recipientRemoved: boolean; recipientSigned: boolean; documentPending: boolean; documentCompleted: boolean; documentDeleted: boolean; ownerDocumentCompleted: boolean; ownerRecipientExpired: boolean; ownerDocumentCreated: boolean; } | ... 5 more ... | un...' and 'string' have no overlap.
apps/remix/app/components/general/envelope-editor/envelope-editor-settings-dialog.tsx(1407,47): error TS2367: This comparison appears to be unintentional because the types 'readonly (string | boolean | { recipientSigningRequest: boolean; recipientRemoved: boolean; recipientSigned: boolean; documentPending: boolean; documentCompleted: boolean; documentDeleted: boolean; ownerDocumentCompleted: boolean; ownerRecipientExpired: boolean; ownerDocumentCreated: boolean; } | ... 5 more ... | un...' and 'string' have no overlap.
apps/remix/app/components/general/envelope-editor/envelope-editor-settings-dialog.tsx(1416,43): error TS2367: This comparison appears to be unintentional because the types 'readonly (string | boolean | { recipientSigningRequest: boolean; recipientRemoved: boolean; recipientSigned: boolean; documentPending: boolean; documentCompleted: boolean; documentDeleted: boolean; ownerDocumentCompleted: boolean; ownerRecipientExpired: boolean; ownerDocumentCreated: boolean; } | ... 5 more ... | un...' and 'string' have no overlap.
apps/remix/app/components/general/envelope-editor/envelope-editor-settings-dialog.tsx(1417,48): error TS7006: Parameter 'e' implicitly has an 'any' type.
apps/remix/app/components/general/envelope-editor/envelope-editor-settings-dialog.tsx(1422,38): error TS2367: This comparison appears to be unintentional because the types 'readonly (string | boolean | { recipientSigningRequest: boolean; recipientRemoved: boolean; recipientSigned: boolean; documentPending: boolean; documentCompleted: boolean; documentDeleted: boolean; ownerDocumentCompleted: boolean; ownerRecipientExpired: boolean; ownerDocumentCreated: boolean; } | ... 5 more ... | un...' and 'string' have no overlap.
apps/remix/app/components/general/envelope-editor/envelope-editor-settings-dialog.tsx(1423,40): error TS2304: Cannot find name 'FormDescription'.
apps/remix/app/components/general/envelope-editor/envelope-editor-settings-dialog.tsx(1425,41): error TS2304: Cannot find name 'FormDescription'.
apps/remix/app/components/general/envelope-editor/envelope-editor-settings-dialog.tsx(1436,33): error TS2322: Type '"kbaApplySameToAllRecipients"' is not assignable to type '"visibility" | "globalAccessAuth" | "globalActionAuth" | "externalId" | "meta" | "meta.distributionMethod" | "meta.message" | "meta.subject" | "meta.emailReplyTo" | "meta.emailId" | ... 17 more ... | `globalActionAuth.${number}`'.
apps/remix/app/components/general/envelope-editor/envelope-editor-settings-dialog.tsx(1469,37): error TS2322: Type '"kbaQuestion"' is not assignable to type '"visibility" | "globalAccessAuth" | "globalActionAuth" | "externalId" | "meta" | "meta.distributionMethod" | "meta.message" | "meta.subject" | "meta.emailReplyTo" | "meta.emailId" | ... 17 more ... | `globalActionAuth.${number}`'.
apps/remix/app/components/general/envelope-editor/envelope-editor-settings-dialog.tsx(1476,44): error TS2322: Type '{ onChange: (...event: any[]) => void; onBlur: Noop; value: string | boolean | { recipientSigningRequest: boolean; recipientRemoved: boolean; recipientSigned: boolean; documentPending: boolean; ... 4 more ...; ownerDocumentCreated: boolean; } | ... 5 more ... | undefined; ... 4 more ...; placeholder: string; }' is not assignable to type 'InputProps'.
  Types of property 'value' are incompatible.
    Type 'string | boolean | { recipientSigningRequest: boolean; recipientRemoved: boolean; recipientSigned: boolean; documentPending: boolean; documentCompleted: boolean; documentDeleted: boolean; ownerDocumentCompleted: boolean; ownerRecipientExpired: boolean; ownerDocumentCreated: boolean; } | ... 5 more ... | undefined' is not assignable to type 'string | number | readonly string[] | undefined'.
      Type 'null' is not assignable to type 'string | number | readonly string[] | undefined'.
apps/remix/app/components/general/envelope-editor/envelope-editor-settings-dialog.tsx(1489,37): error TS2322: Type '"kbaAnswer"' is not assignable to type '"visibility" | "globalAccessAuth" | "globalActionAuth" | "externalId" | "meta" | "meta.distributionMethod" | "meta.message" | "meta.subject" | "meta.emailReplyTo" | "meta.emailId" | ... 17 more ... | `globalActionAuth.${number}`'.
apps/remix/app/components/general/envelope-editor/envelope-editor-settings-dialog.tsx(1496,44): error TS2304: Cannot find name 'PasswordInput'.
apps/remix/app/components/general/envelope-editor/envelope-editor-settings-dialog.tsx(1498,56): error TS2367: This comparison appears to be unintentional because the types 'readonly (string | boolean | { recipientSigningRequest: boolean; recipientRemoved: boolean; recipientSigned: boolean; documentPending: boolean; documentCompleted: boolean; documentDeleted: boolean; ownerDocumentCompleted: boolean; ownerRecipientExpired: boolean; ownerDocumentCreated: boolean; } | ... 5 more ... | un...' and 'string' have no overlap.
apps/remix/app/components/general/envelope-editor/envelope-editor-settings-dialog.tsx(1500,47): error TS2367: This comparison appears to be unintentional because the types 'readonly (string | boolean | { recipientSigningRequest: boolean; recipientRemoved: boolean; recipientSigned: boolean; documentPending: boolean; documentCompleted: boolean; documentDeleted: boolean; ownerDocumentCompleted: boolean; ownerRecipientExpired: boolean; ownerDocumentCreated: boolean; } | ... 5 more ... | un...' and 'string' have no overlap.
apps/remix/app/components/general/envelope-editor/envelope-editor-settings-dialog.tsx(1502,51): error TS2367: This comparison appears to be unintentional because the types 'readonly (string | boolean | { recipientSigningRequest: boolean; recipientRemoved: boolean; recipientSigned: boolean; documentPending: boolean; documentCompleted: boolean; documentDeleted: boolean; ownerDocumentCompleted: boolean; ownerRecipientExpired: boolean; ownerDocumentCreated: boolean; } | ... 5 more ... | un...' and 'string' have no overlap.
apps/remix/app/components/general/envelope-editor/envelope-editor-settings-dialog.tsx(1511,47): error TS2367: This comparison appears to be unintentional because the types 'readonly (string | boolean | { recipientSigningRequest: boolean; recipientRemoved: boolean; recipientSigned: boolean; documentPending: boolean; documentCompleted: boolean; documentDeleted: boolean; ownerDocumentCompleted: boolean; ownerRecipientExpired: boolean; ownerDocumentCreated: boolean; } | ... 5 more ... | un...' and 'string' have no overlap.
apps/remix/app/components/general/envelope-editor/envelope-editor-settings-dialog.tsx(1512,52): error TS7006: Parameter 'e' implicitly has an 'any' type.
apps/remix/app/components/general/envelope-editor/envelope-editor-settings-dialog.tsx(1517,42): error TS2367: This comparison appears to be unintentional because the types 'readonly (string | boolean | { recipientSigningRequest: boolean; recipientRemoved: boolean; recipientSigned: boolean; documentPending: boolean; documentCompleted: boolean; documentDeleted: boolean; ownerDocumentCompleted: boolean; ownerRecipientExpired: boolean; ownerDocumentCreated: boolean; } | ... 5 more ... | un...' and 'string' have no overlap.
apps/remix/app/components/general/envelope-editor/envelope-editor-settings-dialog.tsx(1518,44): error TS2304: Cannot find name 'FormDescription'.
apps/remix/app/components/general/envelope-editor/envelope-editor-settings-dialog.tsx(1520,45): error TS2304: Cannot find name 'FormDescription'.
apps/remix/app/components/general/envelope-editor/envelope-editor-settings-dialog.tsx(1537,37): error TS2322: Type '`kbaRecipientChallenges.${number}.question`' is not assignable to type '"visibility" | "globalAccessAuth" | "globalActionAuth" | "externalId" | "meta" | "meta.distributionMethod" | "meta.message" | "meta.subject" | "meta.emailReplyTo" | "meta.emailId" | ... 17 more ... | `globalActionAuth.${number}`'.
apps/remix/app/components/general/envelope-editor/envelope-editor-settings-dialog.tsx(1547,45): error TS2322: Type 'readonly (string | boolean | { recipientSigningRequest: boolean; recipientRemoved: boolean; recipientSigned: boolean; documentPending: boolean; documentCompleted: boolean; documentDeleted: boolean; ownerDocumentCompleted: boolean; ownerRecipientExpired: boolean; ownerDocumentCreated: boolean; } | ... 5 more ... | un...' is not assignable to type 'boolean | undefined'.
apps/remix/app/components/general/envelope-editor/envelope-editor-settings-dialog.tsx(1558,37): error TS2322: Type '`kbaRecipientChallenges.${number}.answer`' is not assignable to type '"visibility" | "globalAccessAuth" | "globalActionAuth" | "externalId" | "meta" | "meta.distributionMethod" | "meta.message" | "meta.subject" | "meta.emailReplyTo" | "meta.emailId" | ... 17 more ... | `globalActionAuth.${number}`'.
apps/remix/app/components/general/envelope-editor/envelope-editor-settings-dialog.tsx(1565,44): error TS2304: Cannot find name 'PasswordInput'.
apps/remix/app/components/general/envelope-editor/envelope-editor-settings-dialog.tsx(1567,56): error TS2367: This comparison appears to be unintentional because the types 'readonly (string | boolean | { recipientSigningRequest: boolean; recipientRemoved: boolean; recipientSigned: boolean; documentPending: boolean; documentCompleted: boolean; documentDeleted: boolean; ownerDocumentCompleted: boolean; ownerRecipientExpired: boolean; ownerDocumentCreated: boolean; } | ... 5 more ... | un...' and 'string' have no overlap.
apps/remix/app/components/general/envelope-editor/envelope-editor-settings-dialog.tsx(1569,47): error TS2367: This comparison appears to be unintentional because the types 'readonly (string | boolean | { recipientSigningRequest: boolean; recipientRemoved: boolean; recipientSigned: boolean; documentPending: boolean; documentCompleted: boolean; documentDeleted: boolean; ownerDocumentCompleted: boolean; ownerRecipientExpired: boolean; ownerDocumentCreated: boolean; } | ... 5 more ... | un...' and 'string' have no overlap.
apps/remix/app/components/general/envelope-editor/envelope-editor-settings-dialog.tsx(1571,51): error TS2367: This comparison appears to be unintentional because the types 'readonly (string | boolean | { recipientSigningRequest: boolean; recipientRemoved: boolean; recipientSigned: boolean; documentPending: boolean; documentCompleted: boolean; documentDeleted: boolean; ownerDocumentCompleted: boolean; ownerRecipientExpired: boolean; ownerDocumentCreated: boolean; } | ... 5 more ... | un...' and 'string' have no overlap.
apps/remix/app/components/general/envelope-editor/envelope-editor-settings-dialog.tsx(1581,47): error TS2367: This comparison appears to be unintentional because the types 'readonly (string | boolean | { recipientSigningRequest: boolean; recipientRemoved: boolean; recipientSigned: boolean; documentPending: boolean; documentCompleted: boolean; documentDeleted: boolean; ownerDocumentCompleted: boolean; ownerRecipientExpired: boolean; ownerDocumentCreated: boolean; } | ... 5 more ... | un...' and 'string' have no overlap.
apps/remix/app/components/general/envelope-editor/envelope-editor-settings-dialog.tsx(1582,52): error TS7006: Parameter 'e' implicitly has an 'any' type.
apps/remix/app/components/general/envelope-editor/envelope-editor-settings-dialog.tsx(1587,42): error TS2367: This comparison appears to be unintentional because the types 'readonly (string | boolean | { recipientSigningRequest: boolean; recipientRemoved: boolean; recipientSigned: boolean; documentPending: boolean; documentCompleted: boolean; documentDeleted: boolean; ownerDocumentCompleted: boolean; ownerRecipientExpired: boolean; ownerDocumentCreated: boolean; } | ... 5 more ... | un...' and 'string' have no overlap.
apps/remix/app/components/general/envelope-editor/envelope-editor-settings-dialog.tsx(1588,44): error TS2304: Cannot find name 'FormDescription'.
apps/remix/app/components/general/envelope-editor/envelope-editor-settings-dialog.tsx(1590,45): error TS2304: Cannot find name 'FormDescription'.
apps/remix/app/components/general/envelope-editor/envelope-editor-settings-dialog.tsx(1605,25): error TS2322: Type '"includeQrCodeInCertificate"' is not assignable to type '"visibility" | "globalAccessAuth" | "globalActionAuth" | "externalId" | "meta" | "meta.distributionMethod" | "meta.message" | "meta.subject" | "meta.emailReplyTo" | "meta.emailId" | ... 17 more ... | `globalActionAuth.${number}`'.
apps/remix/app/components/general/envelope-editor/envelope-editor-settings-dialog.tsx(1642,29): error TS2322: Type '"kbaMode"' is not assignable to type '"visibility" | "globalAccessAuth" | "globalActionAuth" | "externalId" | "meta" | "meta.distributionMethod" | "meta.message" | "meta.subject" | "meta.emailReplyTo" | "meta.emailId" | ... 17 more ... | `globalActionAuth.${number}`'.
apps/remix/app/components/general/envelope-editor/envelope-editor-settings-dialog.tsx(1650,43): error TS2322: Type 'string | boolean | { recipientSigningRequest: boolean; recipientRemoved: boolean; recipientSigned: boolean; documentPending: boolean; documentCompleted: boolean; documentDeleted: boolean; ownerDocumentCompleted: boolean; ownerRecipientExpired: boolean; ownerDocumentCreated: boolean; } | ... 5 more ... | undefined' is not assignable to type 'string | undefined'.
  Type 'null' is not assignable to type 'string | undefined'.
apps/remix/app/components/general/envelope-editor/envelope-editor-settings-dialog.tsx(1672,29): error TS2322: Type '"kbaAnswerType"' is not assignable to type '"visibility" | "globalAccessAuth" | "globalActionAuth" | "externalId" | "meta" | "meta.distributionMethod" | "meta.message" | "meta.subject" | "meta.emailReplyTo" | "meta.emailId" | ... 17 more ... | `globalActionAuth.${number}`'.
apps/remix/app/components/general/envelope-editor/envelope-editor-settings-dialog.tsx(1680,43): error TS2322: Type 'string | boolean | { recipientSigningRequest: boolean; recipientRemoved: boolean; recipientSigned: boolean; documentPending: boolean; documentCompleted: boolean; documentDeleted: boolean; ownerDocumentCompleted: boolean; ownerRecipientExpired: boolean; ownerDocumentCreated: boolean; } | ... 5 more ... | undefined' is not assignable to type 'string | undefined'.
  Type 'null' is not assignable to type 'string | undefined'.
apps/remix/app/components/general/envelope-editor/envelope-editor-settings-dialog.tsx(1706,31): error TS2322: Type '"kbaMaxAttempts"' is not assignable to type '"visibility" | "globalAccessAuth" | "globalActionAuth" | "externalId" | "meta" | "meta.distributionMethod" | "meta.message" | "meta.subject" | "meta.emailReplyTo" | "meta.emailId" | ... 17 more ... | `globalActionAuth.${number}`'.
apps/remix/app/components/general/envelope-editor/envelope-editor-settings-dialog.tsx(1731,31): error TS2322: Type '"kbaLockoutMinutes"' is not assignable to type '"visibility" | "globalAccessAuth" | "globalActionAuth" | "externalId" | "meta" | "meta.distributionMethod" | "meta.message" | "meta.subject" | "meta.emailReplyTo" | "meta.emailId" | ... 17 more ... | `globalActionAuth.${number}`'.
apps/remix/app/components/general/envelope-editor/envelope-editor-settings-dialog.tsx(1755,28): error TS2367: This comparison appears to be unintentional because the types 'readonly (string | boolean | { recipientSigningRequest: boolean; recipientRemoved: boolean; recipientSigned: boolean; documentPending: boolean; documentCompleted: boolean; documentDeleted: boolean; ownerDocumentCompleted: boolean; ownerRecipientExpired: boolean; ownerDocumentCreated: boolean; } | ... 5 more ... | un...' and 'string' have no overlap.
apps/remix/app/components/general/envelope-editor/envelope-editor-settings-dialog.tsx(1758,31): error TS2322: Type '"kbaMcqOptions"' is not assignable to type '"visibility" | "globalAccessAuth" | "globalActionAuth" | "externalId" | "meta" | "meta.distributionMethod" | "meta.message" | "meta.subject" | "meta.emailReplyTo" | "meta.emailId" | ... 17 more ... | `globalActionAuth.${number}`'.
apps/remix/app/components/general/envelope-editor/envelope-editor-settings-dialog.tsx(1766,38): error TS2322: Type '{ onChange: (...event: any[]) => void; onBlur: Noop; value: string | boolean | { recipientSigningRequest: boolean; recipientRemoved: boolean; recipientSigned: boolean; documentPending: boolean; ... 4 more ...; ownerDocumentCreated: boolean; } | ... 5 more ... | undefined; ... 4 more ...; placeholder: string; }' is not assignable to type 'InputProps'.
  Types of property 'value' are incompatible.
    Type 'string | boolean | { recipientSigningRequest: boolean; recipientRemoved: boolean; recipientSigned: boolean; documentPending: boolean; documentCompleted: boolean; documentDeleted: boolean; ownerDocumentCompleted: boolean; ownerRecipientExpired: boolean; ownerDocumentCreated: boolean; } | ... 5 more ... | undefined' is not assignable to type 'string | number | readonly string[] | undefined'.
      Type 'null' is not assignable to type 'string | number | readonly string[] | undefined'.
apps/remix/app/components/general/envelope-editor/envelope-editor-settings-dialog.tsx(1778,28): error TS2367: This comparison appears to be unintentional because the types 'readonly (string | boolean | { recipientSigningRequest: boolean; recipientRemoved: boolean; recipientSigned: boolean; documentPending: boolean; documentCompleted: boolean; documentDeleted: boolean; ownerDocumentCompleted: boolean; ownerRecipientExpired: boolean; ownerDocumentCreated: boolean; } | ... 5 more ... | un...' and 'string' have no overlap.
apps/remix/app/components/general/envelope-editor/envelope-editor-settings-dialog.tsx(1782,33): error TS2322: Type '"kbaQuestion"' is not assignable to type '"visibility" | "globalAccessAuth" | "globalActionAuth" | "externalId" | "meta" | "meta.distributionMethod" | "meta.message" | "meta.subject" | "meta.emailReplyTo" | "meta.emailId" | ... 17 more ... | `globalActionAuth.${number}`'.
apps/remix/app/components/general/envelope-editor/envelope-editor-settings-dialog.tsx(1790,40): error TS2322: Type '{ onChange: (...event: any[]) => void; onBlur: Noop; value: string | boolean | { recipientSigningRequest: boolean; recipientRemoved: boolean; recipientSigned: boolean; documentPending: boolean; ... 4 more ...; ownerDocumentCreated: boolean; } | ... 5 more ... | undefined; ... 4 more ...; placeholder: string; }' is not assignable to type 'InputProps'.
  Types of property 'value' are incompatible.
    Type 'string | boolean | { recipientSigningRequest: boolean; recipientRemoved: boolean; recipientSigned: boolean; documentPending: boolean; documentCompleted: boolean; documentDeleted: boolean; ownerDocumentCompleted: boolean; ownerRecipientExpired: boolean; ownerDocumentCreated: boolean; } | ... 5 more ... | undefined' is not assignable to type 'string | number | readonly string[] | undefined'.
      Type 'null' is not assignable to type 'string | number | readonly string[] | undefined'.
apps/remix/app/components/general/envelope-editor/envelope-editor-settings-dialog.tsx(1803,33): error TS2322: Type '"kbaAnswer"' is not assignable to type '"visibility" | "globalAccessAuth" | "globalActionAuth" | "externalId" | "meta" | "meta.distributionMethod" | "meta.message" | "meta.subject" | "meta.emailReplyTo" | "meta.emailId" | ... 17 more ... | `globalActionAuth.${number}`'.
apps/remix/app/components/general/envelope-editor/envelope-editor-settings-dialog.tsx(1811,40): error TS2304: Cannot find name 'PasswordInput'.
apps/remix/app/components/general/envelope-editor/envelope-editor-settings-dialog.tsx(1813,52): error TS2367: This comparison appears to be unintentional because the types 'readonly (string | boolean | { recipientSigningRequest: boolean; recipientRemoved: boolean; recipientSigned: boolean; documentPending: boolean; documentCompleted: boolean; documentDeleted: boolean; ownerDocumentCompleted: boolean; ownerRecipientExpired: boolean; ownerDocumentCreated: boolean; } | ... 5 more ... | un...' and 'string' have no overlap.
apps/remix/app/components/general/envelope-editor/envelope-editor-settings-dialog.tsx(1815,43): error TS2367: This comparison appears to be unintentional because the types 'readonly (string | boolean | { recipientSigningRequest: boolean; recipientRemoved: boolean; recipientSigned: boolean; documentPending: boolean; documentCompleted: boolean; documentDeleted: boolean; ownerDocumentCompleted: boolean; ownerRecipientExpired: boolean; ownerDocumentCreated: boolean; } | ... 5 more ... | un...' and 'string' have no overlap.
apps/remix/app/components/general/envelope-editor/envelope-editor-settings-dialog.tsx(1817,47): error TS2367: This comparison appears to be unintentional because the types 'readonly (string | boolean | { recipientSigningRequest: boolean; recipientRemoved: boolean; recipientSigned: boolean; documentPending: boolean; documentCompleted: boolean; documentDeleted: boolean; ownerDocumentCompleted: boolean; ownerRecipientExpired: boolean; ownerDocumentCreated: boolean; } | ... 5 more ... | un...' and 'string' have no overlap.
apps/remix/app/components/general/envelope-editor/envelope-editor-settings-dialog.tsx(1826,43): error TS2367: This comparison appears to be unintentional because the types 'readonly (string | boolean | { recipientSigningRequest: boolean; recipientRemoved: boolean; recipientSigned: boolean; documentPending: boolean; documentCompleted: boolean; documentDeleted: boolean; ownerDocumentCompleted: boolean; ownerRecipientExpired: boolean; ownerDocumentCreated: boolean; } | ... 5 more ... | un...' and 'string' have no overlap.
apps/remix/app/components/general/envelope-editor/envelope-editor-settings-dialog.tsx(1827,48): error TS7006: Parameter 'e' implicitly has an 'any' type.
apps/remix/app/components/general/envelope-editor/envelope-editor-settings-dialog.tsx(1832,38): error TS2367: This comparison appears to be unintentional because the types 'readonly (string | boolean | { recipientSigningRequest: boolean; recipientRemoved: boolean; recipientSigned: boolean; documentPending: boolean; documentCompleted: boolean; documentDeleted: boolean; ownerDocumentCompleted: boolean; ownerRecipientExpired: boolean; ownerDocumentCreated: boolean; } | ... 5 more ... | un...' and 'string' have no overlap.
apps/remix/app/components/general/envelope-editor/envelope-editor-settings-dialog.tsx(1833,40): error TS2304: Cannot find name 'FormDescription'.
apps/remix/app/components/general/envelope-editor/envelope-editor-settings-dialog.tsx(1835,41): error TS2304: Cannot find name 'FormDescription'.
apps/remix/app/components/general/envelope-editor/envelope-editor-settings-dialog.tsx(1846,33): error TS2322: Type '"kbaApplySameToAllRecipients"' is not assignable to type '"visibility" | "globalAccessAuth" | "globalActionAuth" | "externalId" | "meta" | "meta.distributionMethod" | "meta.message" | "meta.subject" | "meta.emailReplyTo" | "meta.emailId" | ... 17 more ... | `globalActionAuth.${number}`'.
apps/remix/app/components/general/envelope-editor/envelope-editor-settings-dialog.tsx(1879,37): error TS2322: Type '"kbaQuestion"' is not assignable to type '"visibility" | "globalAccessAuth" | "globalActionAuth" | "externalId" | "meta" | "meta.distributionMethod" | "meta.message" | "meta.subject" | "meta.emailReplyTo" | "meta.emailId" | ... 17 more ... | `globalActionAuth.${number}`'.
apps/remix/app/components/general/envelope-editor/envelope-editor-settings-dialog.tsx(1886,44): error TS2322: Type '{ onChange: (...event: any[]) => void; onBlur: Noop; value: string | boolean | { recipientSigningRequest: boolean; recipientRemoved: boolean; recipientSigned: boolean; documentPending: boolean; ... 4 more ...; ownerDocumentCreated: boolean; } | ... 5 more ... | undefined; ... 4 more ...; placeholder: string; }' is not assignable to type 'InputProps'.
  Types of property 'value' are incompatible.
    Type 'string | boolean | { recipientSigningRequest: boolean; recipientRemoved: boolean; recipientSigned: boolean; documentPending: boolean; documentCompleted: boolean; documentDeleted: boolean; ownerDocumentCompleted: boolean; ownerRecipientExpired: boolean; ownerDocumentCreated: boolean; } | ... 5 more ... | undefined' is not assignable to type 'string | number | readonly string[] | undefined'.
      Type 'null' is not assignable to type 'string | number | readonly string[] | undefined'.
apps/remix/app/components/general/envelope-editor/envelope-editor-settings-dialog.tsx(1899,37): error TS2322: Type '"kbaAnswer"' is not assignable to type '"visibility" | "globalAccessAuth" | "globalActionAuth" | "externalId" | "meta" | "meta.distributionMethod" | "meta.message" | "meta.subject" | "meta.emailReplyTo" | "meta.emailId" | ... 17 more ... | `globalActionAuth.${number}`'.
apps/remix/app/components/general/envelope-editor/envelope-editor-settings-dialog.tsx(1906,44): error TS2304: Cannot find name 'PasswordInput'.
apps/remix/app/components/general/envelope-editor/envelope-editor-settings-dialog.tsx(1908,56): error TS2367: This comparison appears to be unintentional because the types 'readonly (string | boolean | { recipientSigningRequest: boolean; recipientRemoved: boolean; recipientSigned: boolean; documentPending: boolean; documentCompleted: boolean; documentDeleted: boolean; ownerDocumentCompleted: boolean; ownerRecipientExpired: boolean; ownerDocumentCreated: boolean; } | ... 5 more ... | un...' and 'string' have no overlap.
apps/remix/app/components/general/envelope-editor/envelope-editor-settings-dialog.tsx(1910,47): error TS2367: This comparison appears to be unintentional because the types 'readonly (string | boolean | { recipientSigningRequest: boolean; recipientRemoved: boolean; recipientSigned: boolean; documentPending: boolean; documentCompleted: boolean; documentDeleted: boolean; ownerDocumentCompleted: boolean; ownerRecipientExpired: boolean; ownerDocumentCreated: boolean; } | ... 5 more ... | un...' and 'string' have no overlap.
apps/remix/app/components/general/envelope-editor/envelope-editor-settings-dialog.tsx(1912,51): error TS2367: This comparison appears to be unintentional because the types 'readonly (string | boolean | { recipientSigningRequest: boolean; recipientRemoved: boolean; recipientSigned: boolean; documentPending: boolean; documentCompleted: boolean; documentDeleted: boolean; ownerDocumentCompleted: boolean; ownerRecipientExpired: boolean; ownerDocumentCreated: boolean; } | ... 5 more ... | un...' and 'string' have no overlap.
apps/remix/app/components/general/envelope-editor/envelope-editor-settings-dialog.tsx(1921,47): error TS2367: This comparison appears to be unintentional because the types 'readonly (string | boolean | { recipientSigningRequest: boolean; recipientRemoved: boolean; recipientSigned: boolean; documentPending: boolean; documentCompleted: boolean; documentDeleted: boolean; ownerDocumentCompleted: boolean; ownerRecipientExpired: boolean; ownerDocumentCreated: boolean; } | ... 5 more ... | un...' and 'string' have no overlap.
apps/remix/app/components/general/envelope-editor/envelope-editor-settings-dialog.tsx(1922,52): error TS7006: Parameter 'e' implicitly has an 'any' type.
apps/remix/app/components/general/envelope-editor/envelope-editor-settings-dialog.tsx(1927,42): error TS2367: This comparison appears to be unintentional because the types 'readonly (string | boolean | { recipientSigningRequest: boolean; recipientRemoved: boolean; recipientSigned: boolean; documentPending: boolean; documentCompleted: boolean; documentDeleted: boolean; ownerDocumentCompleted: boolean; ownerRecipientExpired: boolean; ownerDocumentCreated: boolean; } | ... 5 more ... | un...' and 'string' have no overlap.
apps/remix/app/components/general/envelope-editor/envelope-editor-settings-dialog.tsx(1928,44): error TS2304: Cannot find name 'FormDescription'.
apps/remix/app/components/general/envelope-editor/envelope-editor-settings-dialog.tsx(1930,45): error TS2304: Cannot find name 'FormDescription'.
apps/remix/app/components/general/envelope-editor/envelope-editor-settings-dialog.tsx(1947,37): error TS2322: Type '`kbaRecipientChallenges.${number}.question`' is not assignable to type '"visibility" | "globalAccessAuth" | "globalActionAuth" | "externalId" | "meta" | "meta.distributionMethod" | "meta.message" | "meta.subject" | "meta.emailReplyTo" | "meta.emailId" | ... 17 more ... | `globalActionAuth.${number}`'.
apps/remix/app/components/general/envelope-editor/envelope-editor-settings-dialog.tsx(1957,45): error TS2322: Type 'readonly (string | boolean | { recipientSigningRequest: boolean; recipientRemoved: boolean; recipientSigned: boolean; documentPending: boolean; documentCompleted: boolean; documentDeleted: boolean; ownerDocumentCompleted: boolean; ownerRecipientExpired: boolean; ownerDocumentCreated: boolean; } | ... 5 more ... | un...' is not assignable to type 'boolean | undefined'.
apps/remix/app/components/general/envelope-editor/envelope-editor-settings-dialog.tsx(1968,37): error TS2322: Type '`kbaRecipientChallenges.${number}.answer`' is not assignable to type '"visibility" | "globalAccessAuth" | "globalActionAuth" | "externalId" | "meta" | "meta.distributionMethod" | "meta.message" | "meta.subject" | "meta.emailReplyTo" | "meta.emailId" | ... 17 more ... | `globalActionAuth.${number}`'.
apps/remix/app/components/general/envelope-editor/envelope-editor-settings-dialog.tsx(1975,44): error TS2304: Cannot find name 'PasswordInput'.
apps/remix/app/components/general/envelope-editor/envelope-editor-settings-dialog.tsx(1977,56): error TS2367: This comparison appears to be unintentional because the types 'readonly (string | boolean | { recipientSigningRequest: boolean; recipientRemoved: boolean; recipientSigned: boolean; documentPending: boolean; documentCompleted: boolean; documentDeleted: boolean; ownerDocumentCompleted: boolean; ownerRecipientExpired: boolean; ownerDocumentCreated: boolean; } | ... 5 more ... | un...' and 'string' have no overlap.
apps/remix/app/components/general/envelope-editor/envelope-editor-settings-dialog.tsx(1979,47): error TS2367: This comparison appears to be unintentional because the types 'readonly (string | boolean | { recipientSigningRequest: boolean; recipientRemoved: boolean; recipientSigned: boolean; documentPending: boolean; documentCompleted: boolean; documentDeleted: boolean; ownerDocumentCompleted: boolean; ownerRecipientExpired: boolean; ownerDocumentCreated: boolean; } | ... 5 more ... | un...' and 'string' have no overlap.
apps/remix/app/components/general/envelope-editor/envelope-editor-settings-dialog.tsx(1981,51): error TS2367: This comparison appears to be unintentional because the types 'readonly (string | boolean | { recipientSigningRequest: boolean; recipientRemoved: boolean; recipientSigned: boolean; documentPending: boolean; documentCompleted: boolean; documentDeleted: boolean; ownerDocumentCompleted: boolean; ownerRecipientExpired: boolean; ownerDocumentCreated: boolean; } | ... 5 more ... | un...' and 'string' have no overlap.
apps/remix/app/components/general/envelope-editor/envelope-editor-settings-dialog.tsx(1991,47): error TS2367: This comparison appears to be unintentional because the types 'readonly (string | boolean | { recipientSigningRequest: boolean; recipientRemoved: boolean; recipientSigned: boolean; documentPending: boolean; documentCompleted: boolean; documentDeleted: boolean; ownerDocumentCompleted: boolean; ownerRecipientExpired: boolean; ownerDocumentCreated: boolean; } | ... 5 more ... | un...' and 'string' have no overlap.
apps/remix/app/components/general/envelope-editor/envelope-editor-settings-dialog.tsx(1992,52): error TS7006: Parameter 'e' implicitly has an 'any' type.
apps/remix/app/components/general/envelope-editor/envelope-editor-settings-dialog.tsx(1997,42): error TS2367: This comparison appears to be unintentional because the types 'readonly (string | boolean | { recipientSigningRequest: boolean; recipientRemoved: boolean; recipientSigned: boolean; documentPending: boolean; documentCompleted: boolean; documentDeleted: boolean; ownerDocumentCompleted: boolean; ownerRecipientExpired: boolean; ownerDocumentCreated: boolean; } | ... 5 more ... | un...' and 'string' have no overlap.
apps/remix/app/components/general/envelope-editor/envelope-editor-settings-dialog.tsx(1998,44): error TS2304: Cannot find name 'FormDescription'.
apps/remix/app/components/general/envelope-editor/envelope-editor-settings-dialog.tsx(2000,45): error TS2304: Cannot find name 'FormDescription'.
apps/remix/app/components/general/envelope-editor/envelope-editor-settings-dialog.tsx(2015,25): error TS2322: Type '"includeQrCodeInCertificate"' is not assignable to type '"visibility" | "globalAccessAuth" | "globalActionAuth" | "externalId" | "meta" | "meta.distributionMethod" | "meta.message" | "meta.subject" | "meta.emailReplyTo" | "meta.emailId" | ... 17 more ... | `globalActionAuth.${number}`'.
apps/remix/app/components/general/envelope-editor/envelope-editor.tsx(401,16): error TS2304: Cannot find name 'EnvelopeDuplicateDialog'.
apps/remix/app/components/general/envelope-editor/envelope-editor.tsx(406,22): error TS2304: Cannot find name 'CopyPlusIcon'.
apps/remix/app/components/general/menu-switcher.tsx(69,10): error TS2304: Cannot find name 'DropdownMenuSeparator'.
apps/remix/app/components/tables/admin-organisations-table.tsx(126,23): error TS2304: Cannot find name 'SUBSCRIPTION_STATUS_MAP'.
apps/remix/app/routes/_authenticated+/admin+/organisations.$id.tsx(909,14): error TS2304: Cannot find name 'visibleFeatureFlags'.
apps/remix/app/routes/_authenticated+/admin+/organisations.$id.tsx(909,41): error TS7031: Binding element 'key' implicitly has an 'any' type.
apps/remix/app/routes/_authenticated+/admin+/organisations.$id.tsx(909,46): error TS7031: Binding element 'label' implicitly has an 'any' type.
apps/remix/app/routes/_authenticated+/admin+/organisations.$id.tsx(909,53): error TS7031: Binding element 'isEnterprise' implicitly has an 'any' type.
apps/remix/app/routes/_authenticated+/admin+/organisations.$id.tsx(916,19): error TS2322: Type '`claims.flags.${any}`' is not assignable to type '"customerId" | "originalSubscriptionClaimId" | "claims" | "claims.teamCount" | "claims.memberCount" | "claims.envelopeItemCount" | "claims.recipientCount" | "claims.flags" | ... 29 more ... | `claims.apiRateLimits.${number}.max`'.
apps/remix/app/routes/_authenticated+/admin+/organisations.$id.tsx(923,29): error TS2322: Type 'string | number | boolean | { window: string; max: number; } | { window: string; max: number; }[] | { allowCustomBranding?: boolean | undefined; hidePoweredBy?: boolean | undefined; unlimitedDocuments?: boolean | undefined; ... 10 more ...; disableEmails?: boolean | undefined; } | { ...; } | null | undefined' is not assignable to type 'CheckedState | undefined'.
  Type 'null' is not assignable to type 'CheckedState | undefined'.
apps/remix/app/routes/_authenticated+/admin+/users.$id.tsx(23,24): error TS2503: Cannot find namespace 'z'.
apps/remix/app/routes/_authenticated+/admin+/users.$id.tsx(45,22): error TS2304: Cannot find name 'msg'.
apps/remix/app/routes/_authenticated+/admin+/users.$id.tsx(46,25): error TS2304: Cannot find name 'msg'.
apps/remix/app/routes/_authenticated+/admin+/users.$id.tsx(47,22): error TS2304: Cannot find name 'msg'.
apps/remix/app/routes/_authenticated+/admin+/users.$id.tsx(52,14): error TS2304: Cannot find name 'Link'.
apps/remix/app/routes/_authenticated+/admin+/users.$id.tsx(53,16): error TS2304: Cannot find name 'Trans'.
apps/remix/app/routes/_authenticated+/admin+/users.$id.tsx(53,31): error TS2304: Cannot find name 'Trans'.
apps/remix/app/routes/_authenticated+/admin+/users.$id.tsx(54,15): error TS2304: Cannot find name 'Link'.
apps/remix/app/routes/_authenticated+/admin+/users.$id.tsx(66,17): error TS2304: Cannot find name 'useLingui'.
apps/remix/app/routes/_authenticated+/admin+/users.$id.tsx(68,26): error TS2304: Cannot find name 'useRevalidator'.
apps/remix/app/routes/_authenticated+/admin+/users.$id.tsx(74,16): error TS2304: Cannot find name 'useForm'.
apps/remix/app/routes/_authenticated+/admin+/users.$id.tsx(75,15): error TS2304: Cannot find name 'zodResolver'.
apps/remix/app/routes/_authenticated+/admin+/users.$id.tsx(97,18): error TS2304: Cannot find name 'msg'.
apps/remix/app/routes/_authenticated+/admin+/users.$id.tsx(98,24): error TS2304: Cannot find name 'msg'.
apps/remix/app/routes/_authenticated+/admin+/users.$id.tsx(103,18): error TS2304: Cannot find name 'msg'.
apps/remix/app/routes/_authenticated+/admin+/users.$id.tsx(104,24): error TS2304: Cannot find name 'msg'.
apps/remix/app/routes/_authenticated+/admin+/users.$id.tsx(113,10): error TS2304: Cannot find name 'Trans'.
apps/remix/app/routes/_authenticated+/admin+/users.$id.tsx(113,47): error TS2304: Cannot find name 'Trans'.
apps/remix/app/routes/_authenticated+/admin+/users.$id.tsx(124,22): error TS2304: Cannot find name 'Trans'.
apps/remix/app/routes/_authenticated+/admin+/users.$id.tsx(124,34): error TS2304: Cannot find name 'Trans'.
apps/remix/app/routes/_authenticated+/admin+/users.$id.tsx(139,22): error TS2304: Cannot find name 'Trans'.
apps/remix/app/routes/_authenticated+/admin+/users.$id.tsx(139,35): error TS2304: Cannot find name 'Trans'.
apps/remix/app/routes/_authenticated+/admin+/users.$id.tsx(156,24): error TS2304: Cannot find name 'Trans'.
apps/remix/app/routes/_authenticated+/admin+/users.$id.tsx(156,37): error TS2304: Cannot find name 'Trans'.
apps/remix/app/routes/_authenticated+/admin+/users.$id.tsx(173,22): error TS2304: Cannot find name 'Trans'.
apps/remix/app/routes/_authenticated+/admin+/users.$id.tsx(173,52): error TS2304: Cannot find name 'Trans'.
apps/remix/app/routes/_authenticated+/admin+/users.$id.tsx(188,22): error TS2304: Cannot find name 'Trans'.
apps/remix/app/routes/_authenticated+/admin+/users.$id.tsx(188,80): error TS2304: Cannot find name 'Trans'.
apps/remix/app/routes/_authenticated+/admin+/users.$id.tsx(197,18): error TS2304: Cannot find name 'Trans'.
apps/remix/app/routes/_authenticated+/admin+/users.$id.tsx(197,37): error TS2304: Cannot find name 'Trans'.
apps/remix/app/routes/_authenticated+/admin+/users.$id.tsx(210,16): error TS2304: Cannot find name 'Trans'.
apps/remix/app/routes/_authenticated+/admin+/users.$id.tsx(210,42): error TS2304: Cannot find name 'Trans'.
apps/remix/app/routes/_authenticated+/admin+/users.$id.tsx(213,16): error TS2304: Cannot find name 'Trans'.
apps/remix/app/routes/_authenticated+/admin+/users.$id.tsx(213,67): error TS2304: Cannot find name 'Trans'.
apps/remix/app/routes/_authenticated+/admin+/users.$id.tsx(228,18): error TS2304: Cannot find name 'Trans'.
apps/remix/app/routes/_authenticated+/admin+/users.$id.tsx(228,42): error TS2304: Cannot find name 'Trans'.
apps/remix/app/routes/_authenticated+/admin+/users.$id.tsx(231,18): error TS2304: Cannot find name 'Trans'.
apps/remix/app/routes/_authenticated+/admin+/users.$id.tsx(231,78): error TS2304: Cannot find name 'Trans'.
apps/remix/app/routes/_authenticated+/o.$orgUrl.settings.billing.tsx(85,67): error TS2304: Cannot find name 'P'.
apps/remix/app/routes/_authenticated+/o.$orgUrl.settings.billing.tsx(98,68): error TS2304: Cannot find name 'P'.
apps/remix/app/routes/_authenticated+/o.$orgUrl.settings.branding.tsx(130,81): error TS2304: Cannot find name 'IS_BILLING_ENABLED'.
apps/remix/app/routes/_authenticated+/o.$orgUrl.settings.branding.tsx(135,100): error TS2304: Cannot find name 'IS_BILLING_ENABLED'.
apps/remix/app/routes/_authenticated+/t.$teamUrl+/documents.$id._index.tsx(75,42): error TS2339: Property 'status' does not exist on type '{ fieldId: number; signatureImageAsBase64: string | null; typedSignature: string | null; }[]'.
apps/remix/app/routes/_authenticated+/t.$teamUrl+/documents._index.tsx(144,14): error TS2304: Cannot find name 'Bird'.
apps/remix/app/routes/_authenticated+/t.$teamUrl+/documents.folders._index.tsx(51,9): error TS2451: Cannot redeclare block-scoped variable 'isFolderMatchingSearch'.
apps/remix/app/routes/_authenticated+/t.$teamUrl+/documents.folders._index.tsx(64,12): error TS2304: Cannot find name 'navigate'.
apps/remix/app/routes/_authenticated+/t.$teamUrl+/documents.folders._index.tsx(66,12): error TS2304: Cannot find name 'navigate'.
apps/remix/app/routes/_authenticated+/t.$teamUrl+/documents.folders._index.tsx(70,9): error TS2451: Cannot redeclare block-scoped variable 'isFolderMatchingSearch'.
apps/remix/app/routes/_authenticated+/t.$teamUrl+/documents.folders._index.tsx(104,21): error TS2322: Type 'void' is not assignable to type 'To'.
apps/remix/app/routes/_authenticated+/t.$teamUrl+/templates._index.tsx(38,9): error TS2451: Cannot redeclare block-scoped variable 'organisation'.
apps/remix/app/routes/_authenticated+/t.$teamUrl+/templates._index.tsx(39,9): error TS2451: Cannot redeclare block-scoped variable 'organisation'.
apps/remix/app/routes/_authenticated+/t.$teamUrl+/templates._index.tsx(119,49): error TS2304: Cannot find name 'handleViewChange'.
apps/remix/app/routes/_authenticated+/t.$teamUrl+/templates._index.tsx(141,14): error TS2304: Cannot find name 'activeQuery'.
apps/remix/app/routes/_authenticated+/t.$teamUrl+/templates._index.tsx(141,34): error TS2304: Cannot find name 'activeQuery'.
apps/remix/app/routes/_authenticated+/t.$teamUrl+/templates._index.tsx(161,23): error TS2304: Cannot find name 'activeQuery'.
apps/remix/app/routes/_authenticated+/t.$teamUrl+/templates._index.tsx(162,28): error TS2304: Cannot find name 'activeQuery'.
apps/remix/app/routes/_authenticated+/t.$teamUrl+/templates._index.tsx(163,33): error TS2304: Cannot find name 'activeQuery'.
apps/remix/app/routes/_authenticated+/t.$teamUrl+/templates.folders._index.tsx(64,12): error TS2304: Cannot find name 'navigate'.
apps/remix/app/routes/_authenticated+/t.$teamUrl+/templates.folders._index.tsx(66,12): error TS2304: Cannot find name 'navigate'.
apps/remix/app/routes/_authenticated+/t.$teamUrl+/templates.folders._index.tsx(70,9): error TS2451: Cannot redeclare block-scoped variable 'isOrganisationOwner'.
apps/remix/app/routes/_authenticated+/t.$teamUrl+/templates.folders._index.tsx(71,9): error TS2451: Cannot redeclare block-scoped variable 'isOwnerNonMember'.
apps/remix/app/routes/_authenticated+/t.$teamUrl+/templates.folders._index.tsx(89,9): error TS2451: Cannot redeclare block-scoped variable 'isOrganisationOwner'.
apps/remix/app/routes/_authenticated+/t.$teamUrl+/templates.folders._index.tsx(90,9): error TS2451: Cannot redeclare block-scoped variable 'isOwnerNonMember'.
apps/remix/app/routes/_authenticated+/t.$teamUrl+/templates.folders._index.tsx(120,21): error TS2322: Type 'void' is not assignable to type 'To'.
apps/remix/app/routes/_unauthenticated+/signin.tsx(18,22): error TS2304: Cannot find name 'msg'.
apps/remix/app/routes/_unauthenticated+/signin.tsx(40,11): error TS2304: Cannot find name 'redirect'.
apps/remix/app/routes/_unauthenticated+/signin.tsx(57,17): error TS2304: Cannot find name 'useLingui'.
apps/remix/app/routes/_unauthenticated+/signin.tsx(59,26): error TS2304: Cannot find name 'useSearchParams'.
apps/remix/app/routes/_unauthenticated+/signin.tsx(60,55): error TS2304: Cannot find name 'useState'.
apps/remix/app/routes/_unauthenticated+/signin.tsx(65,3): error TS2304: Cannot find name 'useEffect'.
apps/remix/app/routes/_unauthenticated+/signin.tsx(81,12): error TS2304: Cannot find name 'Trans'.
apps/remix/app/routes/_unauthenticated+/signin.tsx(81,43): error TS2304: Cannot find name 'Trans'.
apps/remix/app/routes/_unauthenticated+/signin.tsx(85,12): error TS2304: Cannot find name 'Trans'.
apps/remix/app/routes/_unauthenticated+/signin.tsx(85,59): error TS2304: Cannot find name 'Trans'.
apps/remix/app/routes/_unauthenticated+/signin.tsx(99,14): error TS2304: Cannot find name 'Trans'.
apps/remix/app/routes/_unauthenticated+/signin.tsx(101,16): error TS2304: Cannot find name 'Link'.
apps/remix/app/routes/_unauthenticated+/signin.tsx(106,17): error TS2304: Cannot find name 'Link'.
apps/remix/app/routes/_unauthenticated+/signin.tsx(107,15): error TS2304: Cannot find name 'Trans'.
apps/remix/app/routes/embed+/v2+/authoring+/_layout.tsx(108,9): error TS2739: Type '{ id: number; name: string; url: string; createdAt: Date; avatarImageId: null; organisationId: string; teamEmail: null; currentTeamRole: "MEMBER"; preferences: { aiFeaturesEnabled: boolean; }; }' is missing the following properties from type '{ id: number; name: string; createdAt: Date; url: string; avatarImageId: string | null; isPrivate: boolean; organisationId: string; teamEmail: { email: string; } | null; currentTeamRole: "ADMIN" | ... 1 more ... | "MEMBER"; isTeamMember: boolean; preferences: { ...; }; }': isPrivate, isTeamMember
apps/remix/app/routes/embed+/v2+/authoring+/_layout.tsx(125,9): error TS2741: Property 'credits' is missing in type '{ id: string; createdAt: Date; updatedAt: Date; type: "ORGANISATION"; name: string; url: string; avatarImageId: null; customerId: null; ownerUserId: number; organisationClaim: { id: string; ... 14 more ...; originalSubscriptionClaimId: string | null; }; teams: { ...; }[]; subscription: null; currentOrganisationRole:...' but required in type '{ type: "ORGANISATION" | "PERSONAL"; id: string; name: string; createdAt: Date; updatedAt: Date; url: string; avatarImageId: string | null; subscription: { status: "ACTIVE" | "PAST_DUE" | "INACTIVE"; ... 8 more ...; customerId: string; } | null; ... 5 more ...; currentOrganisationRole: "ADMIN" | ... 1 more ... | "ME...'.
apps/remix/app/utils/meta.ts(1,37): error TS2304: Cannot find name 'MessageDescriptor'.
apps/remix/server/api/ai/detect-fields.ts(22,59): error TS2345: Argument of type 'string' is not assignable to parameter of type 'never'.
apps/remix/server/api/ai/detect-recipients.ts(22,50): error TS2345: Argument of type 'string' is not assignable to parameter of type 'never'.
apps/remix/server/api/download/download.ts(31,48): error TS2345: Argument of type 'string' is not assignable to parameter of type 'never'.
apps/remix/server/api/download/download.ts(32,41): error TS2345: Argument of type 'string' is not assignable to parameter of type 'never'.
apps/remix/server/api/download/download.ts(136,51): error TS2345: Argument of type 'string' is not assignable to parameter of type 'never'.
apps/remix/server/api/files/files.ts(34,36): error TS2345: Argument of type 'string' is not assignable to parameter of type 'never'.
apps/remix/server/api/files/files.ts(45,16): error TS2339: Property 'size' does not exist on type 'never'.
apps/remix/server/api/files/files.ts(58,51): error TS2345: Argument of type 'string' is not assignable to parameter of type 'never'.
apps/remix/server/api/files/files.ts(75,58): error TS2345: Argument of type 'string' is not assignable to parameter of type 'never'.
apps/remix/server/api/files/files.ts(152,69): error TS2345: Argument of type 'string' is not assignable to parameter of type 'never'.
apps/remix/server/api/files/files.ts(250,53): error TS2345: Argument of type 'string' is not assignable to parameter of type 'never'.
apps/remix/server/api/files/files.ts(263,17): error TS2339: Property 'startsWith' does not exist on type 'never'.
apps/remix/server/api/files/files.ts(302,62): error TS2345: Argument of type 'string' is not assignable to parameter of type 'never'.
apps/remix/server/api/files/files.ts(315,17): error TS2339: Property 'startsWith' does not exist on type 'never'.
apps/remix/server/api/files/routes/get-envelope-item-pdf-by-token.ts(27,88): error TS2345: Argument of type 'string' is not assignable to parameter of type 'never'.
apps/remix/server/api/files/routes/get-envelope-item-pdf-by-token.ts(48,15): error TS2339: Property 'startsWith' does not exist on type 'never'.
apps/remix/server/api/files/routes/get-envelope-item-pdf.ts(36,81): error TS2345: Argument of type 'string' is not assignable to parameter of type 'never'.
apps/remix/server/api/files/routes/get-envelope-item-pdf.ts(38,42): error TS2345: Argument of type 'string' is not assignable to parameter of type 'never'.
packages/auth/client/index.ts(28,102): error TS2339: Property 'json' does not exist on type '{}'.
packages/auth/client/index.ts(32,89): error TS2339: Property 'json' does not exist on type '{}'.
packages/auth/server/routes/email-password.ts(69,92): error TS2345: Argument of type 'string' is not assignable to parameter of type 'never'.
packages/auth/server/routes/email-password.ts(98,15): error TS2339: Property 'toLowerCase' does not exist on type 'never'.
packages/auth/server/routes/email-password.ts(98,70): error TS2339: Property 'toLowerCase' does not exist on type 'never'.
packages/auth/server/routes/email-password.ts(104,22): error TS2339: Property 'toLowerCase' does not exist on type 'never'.
packages/auth/server/routes/email-password.ts(201,76): error TS2345: Argument of type 'string' is not assignable to parameter of type 'never'.
packages/auth/server/routes/email-password.ts(252,55): error TS2345: Argument of type 'string' is not assignable to parameter of type 'never'.
packages/auth/server/routes/email-password.ts(295,35): error TS2345: Argument of type 'string' is not assignable to parameter of type 'never'.
packages/auth/server/routes/email-password.ts(327,35): error TS2345: Argument of type 'string' is not assignable to parameter of type 'never'.
packages/auth/server/routes/email-password.ts(357,35): error TS2345: Argument of type 'string' is not assignable to parameter of type 'never'.
packages/auth/server/routes/email-password.ts(372,15): error TS2339: Property 'toLowerCase' does not exist on type 'never'.
packages/auth/server/routes/email-password.ts(372,70): error TS2339: Property 'toLowerCase' does not exist on type 'never'.
packages/auth/server/routes/email-password.ts(388,45): error TS2345: Argument of type 'string' is not assignable to parameter of type 'never'.
packages/auth/server/routes/email-password.ts(489,36): error TS2345: Argument of type 'string' is not assignable to parameter of type 'never'.
packages/auth/server/routes/email-password.ts(537,52): error TS2345: Argument of type 'string' is not assignable to parameter of type 'never'.
packages/auth/server/routes/email-password.ts(580,37): error TS2345: Argument of type 'string' is not assignable to parameter of type 'never'.
packages/auth/server/routes/oauth.ts(19,42): error TS2345: Argument of type 'string' is not assignable to parameter of type 'never'.
packages/auth/server/routes/oauth.ts(32,42): error TS2345: Argument of type 'string' is not assignable to parameter of type 'never'.
packages/auth/server/routes/oauth.ts(45,42): error TS2345: Argument of type 'string' is not assignable to parameter of type 'never'.
packages/auth/server/routes/passkey.ts(40,51): error TS2345: Argument of type 'string' is not assignable to parameter of type 'never'.
packages/auth/server/routes/passkey.ts(42,52): error TS2339: Property 'length' does not exist on type 'never'.
packages/auth/server/routes/sign-out.ts(86,58): error TS2345: Argument of type 'string' is not assignable to parameter of type 'never'.
packages/auth/server/routes/two-factor.ts(61,34): error TS2345: Argument of type 'string' is not assignable to parameter of type 'never'.
packages/auth/server/routes/two-factor.ts(100,50): error TS2345: Argument of type 'string' is not assignable to parameter of type 'never'.
packages/auth/server/routes/two-factor.ts(135,35): error TS2345: Argument of type 'string' is not assignable to parameter of type 'never'.
packages/lib/jobs/client/base.ts(1,45): error TS2307: Cannot find module 'hono' or its corresponding type declarations.
packages/lib/jobs/client/bullmq.ts(12,45): error TS2307: Cannot find module 'hono' or its corresponding type declarations.
packages/lib/jobs/client/bullmq.ts(13,22): error TS2307: Cannot find module 'hono' or its corresponding type declarations.
packages/lib/jobs/client/inngest.ts(1,45): error TS2307: Cannot find module 'hono' or its corresponding type declarations.
packages/lib/jobs/client/local.ts(5,45): error TS2307: Cannot find module 'hono' or its corresponding type declarations.
packages/lib/jobs/client/local.ts(237,22): error TS7006: Parameter 'data' implicitly has an 'any' type.
packages/lib/jobs/client/local.ts(239,16): error TS7006: Parameter 'data' implicitly has an 'any' type.
packages/lib/jobs/definitions/internal/admin-delete-organisation.handler.ts(37,9): error TS2561: Object literal may only specify known properties, but 'subscription' does not exist in type 'OrganisationSelect<DefaultArgs>'. Did you mean to write 'subscriptions'?
packages/lib/jobs/definitions/internal/admin-delete-organisation.handler.ts(52,35): error TS2339: Property 'owner' does not exist on type '{ type: OrganisationType; id: string; name: string; createdAt: Date; updatedAt: Date; url: string; avatarImageId: string | null; customerId: string | null; organisationClaimId: string; ownerUserId: number; organisationGlobalSettingsId: string; organisationAuthenticationPortalId: string; }'.
packages/lib/jobs/definitions/internal/admin-delete-organisation.handler.ts(67,35): error TS2339: Property 'teams' does not exist on type '{ type: OrganisationType; id: string; name: string; createdAt: Date; updatedAt: Date; url: string; avatarImageId: string | null; customerId: string | null; organisationClaimId: string; ownerUserId: number; organisationGlobalSettingsId: string; organisationAuthenticationPortalId: string; }'.
packages/lib/jobs/definitions/internal/admin-delete-organisation.handler.ts(104,20): error TS2339: Property 'subscription' does not exist on type '{ type: OrganisationType; id: string; name: string; createdAt: Date; updatedAt: Date; url: string; avatarImageId: string | null; customerId: string | null; organisationClaimId: string; ownerUserId: number; organisationGlobalSettingsId: string; organisationAuthenticationPortalId: string; }'.
packages/lib/jobs/definitions/internal/admin-delete-organisation.handler.ts(105,47): error TS2339: Property 'subscription' does not exist on type '{ type: OrganisationType; id: string; name: string; createdAt: Date; updatedAt: Date; url: string; avatarImageId: string | null; customerId: string | null; organisationClaimId: string; ownerUserId: number; organisationGlobalSettingsId: string; organisationAuthenticationPortalId: string; }'.
packages/lib/jobs/definitions/internal/seal-document.handler.ts(283,38): error TS2345: Argument of type '{ envelope: { status: "COMPLETED" | "REJECTED"; documentMeta: { message: string | null; id: string; subject: string | null; timezone: string | null; dateFormat: string | null; redirectUrl: string | null; ... 11 more ...; reminderSettings: any; }; ... 29 more ...; documentMetaId: string; }; ... 7 more ...; additional...' is not assignable to parameter of type 'GenerateCertificatePdfOptions'.
  Property 'includeQrCodeInCertificate' is missing in type '{ envelope: { status: "COMPLETED" | "REJECTED"; documentMeta: { message: string | null; id: string; subject: string | null; timezone: string | null; dateFormat: string | null; redirectUrl: string | null; ... 11 more ...; reminderSettings: any; }; ... 29 more ...; documentMetaId: string; }; ... 7 more ...; additional...' but required in type 'GenerateCertificatePdfOptions'.
packages/lib/jobs/definitions/internal/seal-document.handler.ts(291,35): error TS2345: Argument of type '{ envelope: { status: "COMPLETED" | "REJECTED"; documentMeta: { message: string | null; id: string; subject: string | null; timezone: string | null; dateFormat: string | null; redirectUrl: string | null; ... 11 more ...; reminderSettings: any; }; ... 29 more ...; documentMetaId: string; }; ... 7 more ...; additional...' is not assignable to parameter of type 'GenerateAuditLogPdfOptions'.
  Property 'includeQrCodeInCertificate' is missing in type '{ envelope: { status: "COMPLETED" | "REJECTED"; documentMeta: { message: string | null; id: string; subject: string | null; timezone: string | null; dateFormat: string | null; redirectUrl: string | null; ... 11 more ...; reminderSettings: any; }; ... 29 more ...; documentMetaId: string; }; ... 7 more ...; additional...' but required in type 'GenerateCertificatePdfOptions'.
packages/lib/server-only/document/complete-document-with-token.ts(117,9): error TS2451: Cannot redeclare block-scoped variable 'fields'.
packages/lib/server-only/document/complete-document-with-token.ts(128,7): error TS2451: Cannot redeclare block-scoped variable 'recipientName'.
packages/lib/server-only/document/complete-document-with-token.ts(129,7): error TS2451: Cannot redeclare block-scoped variable 'recipientEmail'.
packages/lib/server-only/document/complete-document-with-token.ts(216,7): error TS2451: Cannot redeclare block-scoped variable 'fields'.
packages/lib/server-only/document/complete-document-with-token.ts(226,7): error TS2451: Cannot redeclare block-scoped variable 'recipientName'.
packages/lib/server-only/document/complete-document-with-token.ts(227,7): error TS2451: Cannot redeclare block-scoped variable 'recipientEmail'.
packages/lib/server-only/document/complete-document-with-token.ts(304,5): error TS2588: Cannot assign to 'fields' because it is a constant.
packages/lib/server-only/envelope/create-envelope.ts(348,10): error TS2451: Cannot redeclare block-scoped variable 'documentMeta'.
packages/lib/server-only/envelope/create-envelope.ts(348,24): error TS2451: Cannot redeclare block-scoped variable 'secondaryId'.
packages/lib/server-only/envelope/create-envelope.ts(348,38): error TS2451: Cannot redeclare block-scoped variable 'documentMeta'.
packages/lib/server-only/envelope/create-envelope.ts(348,52): error TS2451: Cannot redeclare block-scoped variable 'secondaryId'.
packages/lib/server-only/field/set-fields-for-document.ts(8,3): error TS2300: Duplicate identifier 'FIELD_META_DEFAULT_VALUES'.
packages/lib/server-only/field/set-fields-for-document.ts(9,3): error TS2300: Duplicate identifier 'FIELD_META_DEFAULT_VALUES'.
packages/lib/server-only/field/set-fields-for-template.ts(7,3): error TS2300: Duplicate identifier 'FIELD_META_DEFAULT_VALUES'.
packages/lib/server-only/field/set-fields-for-template.ts(8,3): error TS2300: Duplicate identifier 'FIELD_META_DEFAULT_VALUES'.
packages/lib/server-only/organisation/create-organisation-member-invites.ts(134,11): error TS2304: Cannot find name 'assertMemberCountWithinCap'.
packages/lib/server-only/rate-limit/rate-limit-middleware.ts(1,30): error TS2307: Cannot find module 'hono' or its corresponding type declarations.
packages/lib/server-only/rate-limit/rate-limit-middleware.ts(2,40): error TS2307: Cannot find module 'hono/types' or its corresponding type declarations.
packages/lib/server-only/rate-limit/rate-limit-middleware.ts(27,17): error TS7006: Parameter 'c' implicitly has an 'any' type.
packages/lib/server-only/rate-limit/rate-limit-middleware.ts(27,20): error TS7006: Parameter 'next' implicitly has an 'any' type.
packages/lib/server-only/webhooks/trigger/generate-sample-data.ts(531,9): error TS2561: Object literal may only specify known properties, but 'Recipient' does not exist in type '{ status: "DRAFT" | "PENDING" | "COMPLETED" | "REJECTED"; id: number; documentMeta: { message: string | null; id: string; subject: string | null; timezone: string; dateFormat: string; ... 8 more ...; emailSettings?: any; } | null; ... 14 more ...; formValues?: any; }'. Did you mean to write 'recipients'?
packages/lib/server-only/webhooks/trigger/generate-sample-data.ts(568,9): error TS2561: Object literal may only specify known properties, but 'Recipient' does not exist in type '{ status: "DRAFT" | "PENDING" | "COMPLETED" | "REJECTED"; id: number; documentMeta: { message: string | null; id: string; subject: string | null; timezone: string; dateFormat: string; ... 8 more ...; emailSettings?: any; } | null; ... 14 more ...; formValues?: any; }'. Did you mean to write 'recipients'?
packages/lib/server-only/webhooks/trigger/generate-sample-data.ts(595,9): error TS2561: Object literal may only specify known properties, but 'Recipient' does not exist in type '{ status: "DRAFT" | "PENDING" | "COMPLETED" | "REJECTED"; id: number; documentMeta: { message: string | null; id: string; subject: string | null; timezone: string; dateFormat: string; ... 8 more ...; emailSettings?: any; } | null; ... 14 more ...; formValues?: any; }'. Did you mean to write 'recipients'?
packages/lib/types/subscription.ts(160,5): error TS2353: Object literal may only specify known properties, and 'teamCount' does not exist in type 'InternalClaim'.
packages/lib/utils/document-audit-logs.ts(536,20): error TS2304: Cannot find name 'result'.
packages/lib/utils/document-audit-logs.ts(537,21): error TS2304: Cannot find name 'result'.
packages/lib/utils/document-audit-logs.ts(540,13): error TS2820: Type '"DOCUMENT_ACCESS_AUTH_2FA_VALIDATED"' is not assignable to type 'KnownPattern<"DOCUMENT_COMPLETED" | "ENVELOPE_ITEM_CREATED" | "ENVELOPE_ITEM_DELETED" | "ENVELOPE_ITEM_UPDATED" | "ENVELOPE_ITEM_PDF_REPLACED" | "DOCUMENT_RECIPIENT_EXPIRED" | ... 5 more ... | "DOCUMENT_ACCESS_AUTH_KBA_LOCKED"> | undefined'. Did you mean '"DOCUMENT_ACCESS_AUTH_KBA_VALIDATED"'?
packages/lib/utils/document-audit-logs.ts(550,13): error TS2820: Type '"DOCUMENT_ACCESS_AUTH_2FA_FAILED"' is not assignable to type 'KnownPattern<"DOCUMENT_COMPLETED" | "ENVELOPE_ITEM_CREATED" | "ENVELOPE_ITEM_DELETED" | "ENVELOPE_ITEM_UPDATED" | "ENVELOPE_ITEM_PDF_REPLACED" | "DOCUMENT_RECIPIENT_EXPIRED" | ... 5 more ... | "DOCUMENT_ACCESS_AUTH_KBA_LOCKED"> | undefined'. Did you mean '"DOCUMENT_ACCESS_AUTH_KBA_FAILED"'?
packages/lib/utils/document-audit-logs.ts(607,13): error TS2322: Type '"EMAIL_SENT"' is not assignable to type 'KnownPattern<"DOCUMENT_COMPLETED" | "ENVELOPE_ITEM_CREATED" | "ENVELOPE_ITEM_DELETED" | "ENVELOPE_ITEM_UPDATED" | "ENVELOPE_ITEM_PDF_REPLACED" | "DOCUMENT_RECIPIENT_EXPIRED" | "DOCUMENT_DELEGATED_OWNER_CREATED"> | undefined'.
packages/lib/utils/document-audit-logs.ts(608,23): error TS2339: Property 'isResending' does not exist on type '{ envelopeItemId: string; envelopeItemTitle: string; } | { envelopeItemId: string; envelopeItemTitle: string; } | { envelopeItemId: string; changes: { field: string; from: string; to: string; }[]; } | { ...; } | { ...; } | { ...; } | { ...; }'.
  Property 'isResending' does not exist on type '{ envelopeItemId: string; envelopeItemTitle: string; }'.
packages/lib/utils/document-audit-logs.ts(609,24): error TS2339: Property 'isResending' does not exist on type '{ envelopeItemId: string; envelopeItemTitle: string; } | { envelopeItemId: string; envelopeItemTitle: string; } | { envelopeItemId: string; changes: { field: string; from: string; to: string; }[]; } | { ...; } | { ...; } | { ...; } | { ...; }'.
  Property 'isResending' does not exist on type '{ envelopeItemId: string; envelopeItemTitle: string; }'.
packages/lib/utils/document-audit-logs.ts(610,51): error TS2339: Property 'recipientEmail' does not exist on type '{ envelopeItemId: string; envelopeItemTitle: string; } | { envelopeItemId: string; envelopeItemTitle: string; } | { envelopeItemId: string; changes: { field: string; from: string; to: string; }[]; } | { ...; } | { ...; } | { ...; } | { ...; }'.
  Property 'recipientEmail' does not exist on type '{ envelopeItemId: string; envelopeItemTitle: string; }'.
packages/lib/utils/document-audit-logs.ts(611,49): error TS2339: Property 'recipientEmail' does not exist on type '{ envelopeItemId: string; envelopeItemTitle: string; } | { envelopeItemId: string; envelopeItemTitle: string; } | { envelopeItemId: string; changes: { field: string; from: string; to: string; }[]; } | { ...; } | { ...; } | { ...; } | { ...; }'.
  Property 'recipientEmail' does not exist on type '{ envelopeItemId: string; envelopeItemTitle: string; }'.
packages/lib/utils/document-audit-logs.ts(671,29): error TS18046: 'description' is of type 'unknown'.
packages/lib/utils/document-audit-logs.ts(674,27): error TS18046: 'description' is of type 'unknown'.
packages/lib/utils/document-audit-logs.ts(676,27): error TS18046: 'description' is of type 'unknown'.
packages/trpc/server/admin-router/delete-organisation-member.ts(31,9): error TS2561: Object literal may only specify known properties, but 'subscription' does not exist in type 'OrganisationInclude<DefaultArgs>'. Did you mean to write 'subscriptions'?
packages/trpc/server/admin-router/delete-organisation-member.ts(61,41): error TS2339: Property 'members' does not exist on type '{ type: OrganisationType; id: string; name: string; createdAt: Date; updatedAt: Date; url: string; avatarImageId: string | null; customerId: string | null; organisationClaimId: string; ownerUserId: number; organisationGlobalSettingsId: string; organisationAuthenticationPortalId: string; }'.
packages/trpc/server/admin-router/delete-organisation-member.ts(61,55): error TS7006: Parameter 'member' implicitly has an 'any' type.
packages/trpc/server/admin-router/delete-organisation-member.ts(75,41): error TS2339: Property 'members' does not exist on type '{ type: OrganisationType; id: string; name: string; createdAt: Date; updatedAt: Date; url: string; avatarImageId: string | null; customerId: string | null; organisationClaimId: string; ownerUserId: number; organisationGlobalSettingsId: string; organisationAuthenticationPortalId: string; }'.
packages/trpc/server/admin-router/delete-organisation-member.ts(75,71): error TS2339: Property 'invites' does not exist on type '{ type: OrganisationType; id: string; name: string; createdAt: Date; updatedAt: Date; url: string; avatarImageId: string | null; customerId: string | null; organisationClaimId: string; ownerUserId: number; organisationGlobalSettingsId: string; organisationAuthenticationPortalId: string; }'.
packages/trpc/server/admin-router/delete-organisation-member.ts(79,22): error TS2339: Property 'subscription' does not exist on type '{ type: OrganisationType; id: string; name: string; createdAt: Date; updatedAt: Date; url: string; avatarImageId: string | null; customerId: string | null; organisationClaimId: string; ownerUserId: number; organisationGlobalSettingsId: string; organisationAuthenticationPortalId: string; }'.
packages/trpc/server/admin-router/delete-organisation-member.ts(81,22): error TS2339: Property 'subscription' does not exist on type '{ type: OrganisationType; id: string; name: string; createdAt: Date; updatedAt: Date; url: string; avatarImageId: string | null; customerId: string | null; organisationClaimId: string; ownerUserId: number; organisationGlobalSettingsId: string; organisationAuthenticationPortalId: string; }'.
packages/trpc/server/admin-router/delete-organisation-member.ts(82,22): error TS2551: Property 'organisationClaim' does not exist on type '{ type: OrganisationType; id: string; name: string; createdAt: Date; updatedAt: Date; url: string; avatarImageId: string | null; customerId: string | null; organisationClaimId: string; ownerUserId: number; organisationGlobalSettingsId: string; organisationAuthenticationPortalId: string; }'. Did you mean 'organisationClaimId'?
packages/trpc/server/admin-router/delete-organisation-member.ts(87,34): error TS2339: Property 'teams' does not exist on type '{ type: OrganisationType; id: string; name: string; createdAt: Date; updatedAt: Date; url: string; avatarImageId: string | null; customerId: string | null; organisationClaimId: string; ownerUserId: number; organisationGlobalSettingsId: string; organisationAuthenticationPortalId: string; }'.
packages/trpc/server/admin-router/delete-organisation-member.ts(87,45): error TS7006: Parameter 'team' implicitly has an 'any' type.
packages/trpc/server/admin-router/download-document-audit-logs.ts(59,51): error TS2345: Argument of type '{ envelope: { documentMeta: { message: string | null; id: string; subject: string | null; timezone: string | null; dateFormat: string | null; redirectUrl: string | null; signingOrder: $Enums.DocumentSigningOrder; ... 10 more ...; reminderSettings: any; }; fields: { ...; }[]; user: { ...; }; recipients: { ...; }[]; e...' is not assignable to parameter of type 'GenerateAuditLogPdfOptions'.
  Property 'includeQrCodeInCertificate' is missing in type '{ envelope: { documentMeta: { message: string | null; id: string; subject: string | null; timezone: string | null; dateFormat: string | null; redirectUrl: string | null; signingOrder: $Enums.DocumentSigningOrder; ... 10 more ...; reminderSettings: any; }; fields: { ...; }[]; user: { ...; }; recipients: { ...; }[]; e...' but required in type 'GenerateCertificatePdfOptions'.
packages/trpc/server/admin-router/find-admin-organisations.ts(131,10): error TS2322: Type '({ subscription: { status: string; }; } | { name: "asc"; })[] | { createdAt: "desc"; }[]' is not assignable to type 'OrganisationOrderByWithRelationInput[]'.
  Type '({ subscription: { status: string; }; } | { name: "asc"; })[]' is not assignable to type 'OrganisationOrderByWithRelationInput[]'.
    Type '{ subscription: { status: string; }; } | { name: "asc"; }' is not assignable to type 'OrganisationOrderByWithRelationInput'.
      Object literal may only specify known properties, but 'subscription' does not exist in type 'OrganisationOrderByWithRelationInput'. Did you mean to write 'subscriptions'?
packages/trpc/server/admin-router/swap-organisation-subscription.ts(36,9): error TS2561: Object literal may only specify known properties, but 'subscription' does not exist in type 'OrganisationInclude<DefaultArgs>'. Did you mean to write 'subscriptions'?
packages/trpc/server/admin-router/swap-organisation-subscription.ts(48,18): error TS2339: Property 'subscription' does not exist on type '{ type: OrganisationType; id: string; name: string; createdAt: Date; updatedAt: Date; url: string; avatarImageId: string | null; customerId: string | null; organisationClaimId: string; ownerUserId: number; organisationGlobalSettingsId: string; organisationAuthenticationPortalId: string; }'.
packages/trpc/server/admin-router/swap-organisation-subscription.ts(49,18): error TS2339: Property 'subscription' does not exist on type '{ type: OrganisationType; id: string; name: string; createdAt: Date; updatedAt: Date; url: string; avatarImageId: string | null; customerId: string | null; organisationClaimId: string; ownerUserId: number; organisationGlobalSettingsId: string; organisationAuthenticationPortalId: string; }'.
packages/trpc/server/admin-router/swap-organisation-subscription.ts(50,19): error TS2339: Property 'subscription' does not exist on type '{ type: OrganisationType; id: string; name: string; createdAt: Date; updatedAt: Date; url: string; avatarImageId: string | null; customerId: string | null; organisationClaimId: string; ownerUserId: number; organisationGlobalSettingsId: string; organisationAuthenticationPortalId: string; }'.
packages/trpc/server/admin-router/swap-organisation-subscription.ts(60,9): error TS2561: Object literal may only specify known properties, but 'subscription' does not exist in type 'OrganisationInclude<DefaultArgs>'. Did you mean to write 'subscriptions'?
packages/trpc/server/admin-router/swap-organisation-subscription.ts(78,17): error TS2339: Property 'subscription' does not exist on type '{ type: OrganisationType; id: string; name: string; createdAt: Date; updatedAt: Date; url: string; avatarImageId: string | null; customerId: string | null; organisationClaimId: string; ownerUserId: number; organisationGlobalSettingsId: string; organisationAuthenticationPortalId: string; }'.
packages/trpc/server/admin-router/swap-organisation-subscription.ts(79,18): error TS2339: Property 'subscription' does not exist on type '{ type: OrganisationType; id: string; name: string; createdAt: Date; updatedAt: Date; url: string; avatarImageId: string | null; customerId: string | null; organisationClaimId: string; ownerUserId: number; organisationGlobalSettingsId: string; organisationAuthenticationPortalId: string; }'.
packages/trpc/server/admin-router/swap-organisation-subscription.ts(80,19): error TS2339: Property 'subscription' does not exist on type '{ type: OrganisationType; id: string; name: string; createdAt: Date; updatedAt: Date; url: string; avatarImageId: string | null; customerId: string | null; organisationClaimId: string; ownerUserId: number; organisationGlobalSettingsId: string; organisationAuthenticationPortalId: string; }'.
packages/trpc/server/admin-router/swap-organisation-subscription.ts(87,58): error TS2339: Property 'subscription' does not exist on type '{ type: OrganisationType; id: string; name: string; createdAt: Date; updatedAt: Date; url: string; avatarImageId: string | null; customerId: string | null; organisationClaimId: string; ownerUserId: number; organisationGlobalSettingsId: string; organisationAuthenticationPortalId: string; }'.
packages/trpc/server/admin-router/swap-organisation-subscription.ts(93,21): error TS2339: Property 'subscription' does not exist on type '{ type: OrganisationType; id: string; name: string; createdAt: Date; updatedAt: Date; url: string; avatarImageId: string | null; customerId: string | null; organisationClaimId: string; ownerUserId: number; organisationGlobalSettingsId: string; organisationAuthenticationPortalId: string; }'.
packages/trpc/server/admin-router/swap-organisation-subscription.ts(95,34): error TS2339: Property 'subscription' does not exist on type '{ type: OrganisationType; id: string; name: string; createdAt: Date; updatedAt: Date; url: string; avatarImageId: string | null; customerId: string | null; organisationClaimId: string; ownerUserId: number; organisationGlobalSettingsId: string; organisationAuthenticationPortalId: string; }'.
packages/trpc/server/admin-router/swap-organisation-subscription.ts(113,32): error TS2339: Property 'subscription' does not exist on type '{ type: OrganisationType; id: string; name: string; createdAt: Date; updatedAt: Date; url: string; avatarImageId: string | null; customerId: string | null; organisationClaimId: string; ownerUserId: number; organisationGlobalSettingsId: string; organisationAuthenticationPortalId: string; }'.
packages/trpc/server/admin-router/swap-organisation-subscription.ts(118,21): error TS2551: Property 'organisationClaim' does not exist on type '{ type: OrganisationType; id: string; name: string; createdAt: Date; updatedAt: Date; url: string; avatarImageId: string | null; customerId: string | null; organisationClaimId: string; ownerUserId: number; organisationGlobalSettingsId: string; organisationAuthenticationPortalId: string; }'. Did you mean 'organisationClaimId'?
packages/trpc/server/admin-router/swap-organisation-subscription.ts(118,52): error TS2551: Property 'organisationClaim' does not exist on type '{ type: OrganisationType; id: string; name: string; createdAt: Date; updatedAt: Date; url: string; avatarImageId: string | null; customerId: string | null; organisationClaimId: string; ownerUserId: number; organisationGlobalSettingsId: string; organisationAuthenticationPortalId: string; }'. Did you mean 'organisationClaimId'?
packages/trpc/server/admin-router/swap-organisation-subscription.ts(120,34): error TS2551: Property 'organisationClaim' does not exist on type '{ type: OrganisationType; id: string; name: string; createdAt: Date; updatedAt: Date; url: string; avatarImageId: string | null; customerId: string | null; organisationClaimId: string; ownerUserId: number; organisationGlobalSettingsId: string; organisationAuthenticationPortalId: string; }'. Did you mean 'organisationClaimId'?
packages/trpc/server/admin-router/swap-organisation-subscription.ts(122,52): error TS2551: Property 'organisationClaim' does not exist on type '{ type: OrganisationType; id: string; name: string; createdAt: Date; updatedAt: Date; url: string; avatarImageId: string | null; customerId: string | null; organisationClaimId: string; ownerUserId: number; organisationGlobalSettingsId: string; organisationAuthenticationPortalId: string; }'. Did you mean 'organisationClaimId'?
packages/trpc/server/admin-router/swap-organisation-subscription.ts(123,34): error TS2551: Property 'organisationClaim' does not exist on type '{ type: OrganisationType; id: string; name: string; createdAt: Date; updatedAt: Date; url: string; avatarImageId: string | null; customerId: string | null; organisationClaimId: string; ownerUserId: number; organisationGlobalSettingsId: string; organisationAuthenticationPortalId: string; }'. Did you mean 'organisationClaimId'?
packages/trpc/server/admin-router/swap-organisation-subscription.ts(124,36): error TS2551: Property 'organisationClaim' does not exist on type '{ type: OrganisationType; id: string; name: string; createdAt: Date; updatedAt: Date; url: string; avatarImageId: string | null; customerId: string | null; organisationClaimId: string; ownerUserId: number; organisationGlobalSettingsId: string; organisationAuthenticationPortalId: string; }'. Did you mean 'organisationClaimId'?
packages/trpc/server/admin-router/swap-organisation-subscription.ts(125,42): error TS2551: Property 'organisationClaim' does not exist on type '{ type: OrganisationType; id: string; name: string; createdAt: Date; updatedAt: Date; url: string; avatarImageId: string | null; customerId: string | null; organisationClaimId: string; ownerUserId: number; organisationGlobalSettingsId: string; organisationAuthenticationPortalId: string; }'. Did you mean 'organisationClaimId'?
packages/trpc/server/admin-router/swap-organisation-subscription.ts(126,39): error TS2551: Property 'organisationClaim' does not exist on type '{ type: OrganisationType; id: string; name: string; createdAt: Date; updatedAt: Date; url: string; avatarImageId: string | null; customerId: string | null; organisationClaimId: string; ownerUserId: number; organisationGlobalSettingsId: string; organisationAuthenticationPortalId: string; }'. Did you mean 'organisationClaimId'?
packages/trpc/server/admin-router/swap-organisation-subscription.ts(127,30): error TS2551: Property 'organisationClaim' does not exist on type '{ type: OrganisationType; id: string; name: string; createdAt: Date; updatedAt: Date; url: string; avatarImageId: string | null; customerId: string | null; organisationClaimId: string; ownerUserId: number; organisationGlobalSettingsId: string; organisationAuthenticationPortalId: string; }'. Did you mean 'organisationClaimId'?
packages/trpc/server/admin-router/swap-organisation-subscription.ts(133,21): error TS2551: Property 'organisationClaim' does not exist on type '{ type: OrganisationType; id: string; name: string; createdAt: Date; updatedAt: Date; url: string; avatarImageId: string | null; customerId: string | null; organisationClaimId: string; ownerUserId: number; organisationGlobalSettingsId: string; organisationAuthenticationPortalId: string; }'. Did you mean 'organisationClaimId'?
packages/trpc/server/admin-router/swap-organisation-subscription.ts(135,34): error TS2551: Property 'organisationClaim' does not exist on type '{ type: OrganisationType; id: string; name: string; createdAt: Date; updatedAt: Date; url: string; avatarImageId: string | null; customerId: string | null; organisationClaimId: string; ownerUserId: number; organisationGlobalSettingsId: string; organisationAuthenticationPortalId: string; }'. Did you mean 'organisationClaimId'?
packages/trpc/server/admin-router/sync-organisation-subscription.ts(28,9): error TS2561: Object literal may only specify known properties, but 'subscription' does not exist in type 'OrganisationInclude<DefaultArgs>'. Did you mean to write 'subscriptions'?
packages/trpc/server/admin-router/sync-organisation-subscription.ts(38,23): error TS2339: Property 'subscription' does not exist on type '{ type: OrganisationType; id: string; name: string; createdAt: Date; updatedAt: Date; url: string; avatarImageId: string | null; customerId: string | null; organisationClaimId: string; ownerUserId: number; organisationGlobalSettingsId: string; organisationAuthenticationPortalId: string; }'.
packages/trpc/server/admin-router/sync-organisation-subscription.ts(47,77): error TS2339: Property 'subscription' does not exist on type '{ type: OrganisationType; id: string; name: string; createdAt: Date; updatedAt: Date; url: string; avatarImageId: string | null; customerId: string | null; organisationClaimId: string; ownerUserId: number; organisationGlobalSettingsId: string; organisationAuthenticationPortalId: string; }'.
packages/trpc/server/context.ts(10,30): error TS2307: Cannot find module 'hono' or its corresponding type declarations.
packages/trpc/server/organisation-router/delete-organisation-member-invites.ts(92,26): error TS2304: Cannot find name 'validateIfSubscriptionIsRequired'.
packages/trpc/server/organisation-router/delete-organisation-member-invites.ts(100,22): error TS2339: Property 'subscription' does not exist on type '{ organisationClaim: { id: string; createdAt: Date; updatedAt: Date; teamCount: number; memberCount: number; envelopeItemCount: number; recipientCount: number; flags: { allowCustomBranding?: boolean | undefined; ... 12 more ...; disableEmails?: boolean | undefined; }; ... 7 more ...; originalSubscriptionClaimId: str...'.
packages/trpc/server/organisation-router/delete-organisation-member-invites.ts(102,22): error TS2339: Property 'subscription' does not exist on type '{ organisationClaim: { id: string; createdAt: Date; updatedAt: Date; teamCount: number; memberCount: number; envelopeItemCount: number; recipientCount: number; flags: { allowCustomBranding?: boolean | undefined; ... 12 more ...; disableEmails?: boolean | undefined; }; ... 7 more ...; originalSubscriptionClaimId: str...'.
packages/trpc/server/organisation-router/delete-organisation-members.ts(91,24): error TS2304: Cannot find name 'validateIfSubscriptionIsRequired'.
packages/trpc/server/organisation-router/delete-organisation-members.ts(98,20): error TS2339: Property 'subscription' does not exist on type '{ organisationClaim: { id: string; createdAt: Date; updatedAt: Date; teamCount: number; memberCount: number; envelopeItemCount: number; recipientCount: number; flags: { allowCustomBranding?: boolean | undefined; ... 12 more ...; disableEmails?: boolean | undefined; }; ... 7 more ...; originalSubscriptionClaimId: str...'.
packages/trpc/server/organisation-router/delete-organisation-members.ts(99,58): error TS2339: Property 'subscription' does not exist on type '{ organisationClaim: { id: string; createdAt: Date; updatedAt: Date; teamCount: number; memberCount: number; envelopeItemCount: number; recipientCount: number; flags: { allowCustomBranding?: boolean | undefined; ... 12 more ...; disableEmails?: boolean | undefined; }; ... 7 more ...; originalSubscriptionClaimId: str...'.
packages/trpc/server/organisation-router/delete-organisation.ts(47,9): error TS2561: Object literal may only specify known properties, but 'subscription' does not exist in type 'OrganisationSelect<DefaultArgs>'. Did you mean to write 'subscriptions'?
packages/trpc/server/organisation-router/delete-organisation.ts(68,36): error TS2339: Property 'teams' does not exist on type '{ type: OrganisationType; id: string; name: string; createdAt: Date; updatedAt: Date; url: string; avatarImageId: string | null; customerId: string | null; organisationClaimId: string; ownerUserId: number; organisationGlobalSettingsId: string; organisationAuthenticationPortalId: string; }'.
packages/trpc/server/organisation-router/delete-organisation.ts(68,53): error TS7006: Parameter 'team' implicitly has an 'any' type.
packages/trpc/server/organisation-router/delete-organisation.ts(89,22): error TS2339: Property 'subscription' does not exist on type '{ type: OrganisationType; id: string; name: string; createdAt: Date; updatedAt: Date; url: string; avatarImageId: string | null; customerId: string | null; organisationClaimId: string; ownerUserId: number; organisationGlobalSettingsId: string; organisationAuthenticationPortalId: string; }'.
packages/trpc/server/organisation-router/delete-organisation.ts(93,46): error TS2339: Property 'subscription' does not exist on type '{ type: OrganisationType; id: string; name: string; createdAt: Date; updatedAt: Date; url: string; avatarImageId: string | null; customerId: string | null; organisationClaimId: string; ownerUserId: number; organisationGlobalSettingsId: string; organisationAuthenticationPortalId: string; }'.
packages/trpc/server/organisation-router/leave-organisation.ts(60,26): error TS2304: Cannot find name 'validateIfSubscriptionIsRequired'.
packages/trpc/server/organisation-router/leave-organisation.ts(67,22): error TS2339: Property 'subscription' does not exist on type '{ organisationClaim: { id: string; createdAt: Date; updatedAt: Date; teamCount: number; memberCount: number; envelopeItemCount: number; recipientCount: number; flags: { allowCustomBranding?: boolean | undefined; ... 12 more ...; disableEmails?: boolean | undefined; }; ... 7 more ...; originalSubscriptionClaimId: str...'.
packages/trpc/server/organisation-router/leave-organisation.ts(68,60): error TS2339: Property 'subscription' does not exist on type '{ organisationClaim: { id: string; createdAt: Date; updatedAt: Date; teamCount: number; memberCount: number; envelopeItemCount: number; recipientCount: number; flags: { allowCustomBranding?: boolean | undefined; ... 12 more ...; disableEmails?: boolean | undefined; }; ... 7 more ...; originalSubscriptionClaimId: str...'.
